Archive member included to satisfy reference by file (symbol)

C:/ST/STM32CubeIDE_1.13.1/STM32CubeIDE/plugins/com.st.stm32cube.ide.mcu.externaltools.gnu-tools-for-stm32.12.3.rel1.win32_1.0.100.202403111256/tools/bin/../lib/gcc/arm-none-eabi/12.3.1/../../../../arm-none-eabi/lib/thumb/v7e-m+fp/hard\libc_nano.a(libc_a-exit.o)
                              C:/ST/STM32CubeIDE_1.13.1/STM32CubeIDE/plugins/com.st.stm32cube.ide.mcu.externaltools.gnu-tools-for-stm32.12.3.rel1.win32_1.0.100.202403111256/tools/bin/../lib/gcc/arm-none-eabi/12.3.1/../../../../arm-none-eabi/lib/thumb/v7e-m+fp/hard/crt0.o (exit)
C:/ST/STM32CubeIDE_1.13.1/STM32CubeIDE/plugins/com.st.stm32cube.ide.mcu.externaltools.gnu-tools-for-stm32.12.3.rel1.win32_1.0.100.202403111256/tools/bin/../lib/gcc/arm-none-eabi/12.3.1/../../../../arm-none-eabi/lib/thumb/v7e-m+fp/hard\libc_nano.a(libc_a-malloc.o)
                              ./Core/Src/File_Handling.o (malloc)
C:/ST/STM32CubeIDE_1.13.1/STM32CubeIDE/plugins/com.st.stm32cube.ide.mcu.externaltools.gnu-tools-for-stm32.12.3.rel1.win32_1.0.100.202403111256/tools/bin/../lib/gcc/arm-none-eabi/12.3.1/../../../../arm-none-eabi/lib/thumb/v7e-m+fp/hard\libc_nano.a(libc_a-mallocr.o)
                              C:/ST/STM32CubeIDE_1.13.1/STM32CubeIDE/plugins/com.st.stm32cube.ide.mcu.externaltools.gnu-tools-for-stm32.12.3.rel1.win32_1.0.100.202403111256/tools/bin/../lib/gcc/arm-none-eabi/12.3.1/../../../../arm-none-eabi/lib/thumb/v7e-m+fp/hard\libc_nano.a(libc_a-malloc.o) (_malloc_r)
C:/ST/STM32CubeIDE_1.13.1/STM32CubeIDE/plugins/com.st.stm32cube.ide.mcu.externaltools.gnu-tools-for-stm32.12.3.rel1.win32_1.0.100.202403111256/tools/bin/../lib/gcc/arm-none-eabi/12.3.1/../../../../arm-none-eabi/lib/thumb/v7e-m+fp/hard\libc_nano.a(libc_a-mlock.o)
                              C:/ST/STM32CubeIDE_1.13.1/STM32CubeIDE/plugins/com.st.stm32cube.ide.mcu.externaltools.gnu-tools-for-stm32.12.3.rel1.win32_1.0.100.202403111256/tools/bin/../lib/gcc/arm-none-eabi/12.3.1/../../../../arm-none-eabi/lib/thumb/v7e-m+fp/hard\libc_nano.a(libc_a-mallocr.o) (__malloc_lock)
C:/ST/STM32CubeIDE_1.13.1/STM32CubeIDE/plugins/com.st.stm32cube.ide.mcu.externaltools.gnu-tools-for-stm32.12.3.rel1.win32_1.0.100.202403111256/tools/bin/../lib/gcc/arm-none-eabi/12.3.1/../../../../arm-none-eabi/lib/thumb/v7e-m+fp/hard\libc_nano.a(libc_a-findfp.o)
                              C:/ST/STM32CubeIDE_1.13.1/STM32CubeIDE/plugins/com.st.stm32cube.ide.mcu.externaltools.gnu-tools-for-stm32.12.3.rel1.win32_1.0.100.202403111256/tools/bin/../lib/gcc/arm-none-eabi/12.3.1/../../../../arm-none-eabi/lib/thumb/v7e-m+fp/hard\libc_nano.a(libc_a-exit.o) (__stdio_exit_handler)
C:/ST/STM32CubeIDE_1.13.1/STM32CubeIDE/plugins/com.st.stm32cube.ide.mcu.externaltools.gnu-tools-for-stm32.12.3.rel1.win32_1.0.100.202403111256/tools/bin/../lib/gcc/arm-none-eabi/12.3.1/../../../../arm-none-eabi/lib/thumb/v7e-m+fp/hard\libc_nano.a(libc_a-fwalk.o)
                              C:/ST/STM32CubeIDE_1.13.1/STM32CubeIDE/plugins/com.st.stm32cube.ide.mcu.externaltools.gnu-tools-for-stm32.12.3.rel1.win32_1.0.100.202403111256/tools/bin/../lib/gcc/arm-none-eabi/12.3.1/../../../../arm-none-eabi/lib/thumb/v7e-m+fp/hard\libc_nano.a(libc_a-findfp.o) (_fwalk_sglue)
C:/ST/STM32CubeIDE_1.13.1/STM32CubeIDE/plugins/com.st.stm32cube.ide.mcu.externaltools.gnu-tools-for-stm32.12.3.rel1.win32_1.0.100.202403111256/tools/bin/../lib/gcc/arm-none-eabi/12.3.1/../../../../arm-none-eabi/lib/thumb/v7e-m+fp/hard\libc_nano.a(libc_a-sprintf.o)
                              ./Core/Src/File_Handling.o (sprintf)
C:/ST/STM32CubeIDE_1.13.1/STM32CubeIDE/plugins/com.st.stm32cube.ide.mcu.externaltools.gnu-tools-for-stm32.12.3.rel1.win32_1.0.100.202403111256/tools/bin/../lib/gcc/arm-none-eabi/12.3.1/../../../../arm-none-eabi/lib/thumb/v7e-m+fp/hard\libc_nano.a(libc_a-stdio.o)
                              C:/ST/STM32CubeIDE_1.13.1/STM32CubeIDE/plugins/com.st.stm32cube.ide.mcu.externaltools.gnu-tools-for-stm32.12.3.rel1.win32_1.0.100.202403111256/tools/bin/../lib/gcc/arm-none-eabi/12.3.1/../../../../arm-none-eabi/lib/thumb/v7e-m+fp/hard\libc_nano.a(libc_a-findfp.o) (__sread)
C:/ST/STM32CubeIDE_1.13.1/STM32CubeIDE/plugins/com.st.stm32cube.ide.mcu.externaltools.gnu-tools-for-stm32.12.3.rel1.win32_1.0.100.202403111256/tools/bin/../lib/gcc/arm-none-eabi/12.3.1/../../../../arm-none-eabi/lib/thumb/v7e-m+fp/hard\libc_nano.a(libc_a-memset.o)
                              C:/ST/STM32CubeIDE_1.13.1/STM32CubeIDE/plugins/com.st.stm32cube.ide.mcu.externaltools.gnu-tools-for-stm32.12.3.rel1.win32_1.0.100.202403111256/tools/bin/../lib/gcc/arm-none-eabi/12.3.1/../../../../arm-none-eabi/lib/thumb/v7e-m+fp/hard/crt0.o (memset)
C:/ST/STM32CubeIDE_1.13.1/STM32CubeIDE/plugins/com.st.stm32cube.ide.mcu.externaltools.gnu-tools-for-stm32.12.3.rel1.win32_1.0.100.202403111256/tools/bin/../lib/gcc/arm-none-eabi/12.3.1/../../../../arm-none-eabi/lib/thumb/v7e-m+fp/hard\libc_nano.a(libc_a-closer.o)
[...]
Memory Configuration

Name             Origin             Length             Attributes
CCMRAM           0x10000000         0x00010000         xrw
RAM              0x20000000         0x00030000         xrw
FLASH            0x08000000         0x00200000         xr
*default*        0x00000000         0xffffffff

Linker script and memory map

LOAD C:/ST/STM32CubeIDE_1.13.1/STM32CubeIDE/plugins/com.st.stm32cube.ide.mcu.externaltools.gnu-tools-for-stm32.12.3.rel1.win32_1.0.100.202403111256/tools/bin/../lib/gcc/arm-none-eabi/12.3.1/thumb/v7e-m+fp/hard/crti.o
LOAD C:/ST/STM32CubeIDE_1.13.1/STM32CubeIDE/plugins/com.st.stm32cube.ide.mcu.externaltools.gnu-tools-for-stm32.12.3.rel1.win32_1.0.100.202403111256/tools/bin/../lib/gcc/arm-none-eabi/12.3.1/thumb/v7e-m+fp/hard/crtbegin.o
LOAD C:/ST/STM32CubeIDE_1.13.1/STM32CubeIDE/plugins/com.st.stm32cube.ide.mcu.externaltools.gnu-tools-for-stm32.12.3.rel1.win32_1.0.100.202403111256/tools/bin/../lib/gcc/arm-none-eabi/12.3.1/../../../../arm-none-eabi/lib/thumb/v7e-m+fp/hard/crt0.o
LOAD ./Core/Src/File_Handling.o
LOAD ./Core/Src/freertos.o
LOAD ./Core/Src/main.o
LOAD ./Core/Src/stm32f4xx_hal_msp.o
LOAD ./Core/Src/stm32f4xx_hal_timebase_tim.o
LOAD ./Core/Src/stm32f4xx_it.o
LOAD ./Core/Src/syscalls.o
LOAD ./Core/Src/sysmem.o
LOAD ./Core/Src/system_stm32f4xx.o
LOAD ./Core/Startup/startup_stm32f429zitx.o
LOAD ./Drivers/STM32F4xx_HAL_Driver/Src/stm32f4xx_hal.o
LOAD ./Drivers/STM32F4xx_HAL_Driver/Src/stm32f4xx_hal_cortex.o
LOAD ./Drivers/STM32F4xx_HAL_Driver/Src/stm32f4xx_hal_dma.o
LOAD ./Drivers/STM32F4xx_HAL_Driver/Src/stm32f4xx_hal_dma_ex.o
LOAD ./Drivers/STM32F4xx_HAL_Driver/Src/stm32f4xx_hal_exti.o
LOAD ./Drivers/STM32F4xx_HAL_Driver/Src/stm32f4xx_hal_flash.o
LOAD ./Drivers/STM32F4xx_HAL_Driver/Src/stm32f4xx_hal_flash_ex.o
LOAD ./Drivers/STM32F4xx_HAL_Driver/Src/stm32f4xx_hal_flash_ramfunc.o
LOAD ./Drivers/STM32F4xx_HAL_Driver/Src/stm32f4xx_hal_gpio.o
LOAD ./Drivers/STM32F4xx_HAL_Driver/Src/stm32f4xx_hal_hcd.o
LOAD ./Drivers/STM32F4xx_HAL_Driver/Src/stm32f4xx_hal_pwr.o
LOAD ./Drivers/STM32F4xx_HAL_Driver/Src/stm32f4xx_hal_pwr_ex.o
LOAD ./Drivers/STM32F4xx_HAL_Driver/Src/stm32f4xx_hal_rcc.o
LOAD ./Drivers/STM32F4xx_HAL_Driver/Src/stm32f4xx_hal_rcc_ex.o
LOAD ./Drivers/STM32F4xx_HAL_Driver/Src/stm32f4xx_hal_tim.o
LOAD ./Drivers/STM32F4xx_HAL_Driver/Src/stm32f4xx_hal_tim_ex.o
LOAD ./Drivers/STM32F4xx_HAL_Driver/Src/stm32f4xx_ll_usb.o
LOAD ./FATFS/App/fatfs.o
LOAD ./FATFS/Target/usbh_diskio.o
LOAD ./Middlewares/ST/STM32_USB_Host_Library/Class/MSC/Src/usbh_msc.o
LOAD ./Middlewares/ST/STM32_USB_Host_Library/Class/MSC/Src/usbh_msc_bot.o
LOAD ./Middlewares/ST/STM32_USB_Host_Library/Class/MSC/Src/usbh_msc_scsi.o
LOAD ./Middlewares/ST/STM32_USB_Host_Library/Core/Src/usbh_core.o
LOAD ./Middlewares/ST/STM32_USB_Host_Library/Core/Src/usbh_ctlreq.o
LOAD ./Middlewares/ST/STM32_USB_Host_Library/Core/Src/usbh_ioreq.o
LOAD ./Middlewares/ST/STM32_USB_Host_Library/Core/Src/usbh_pipes.o
LOAD ./Middlewares/Third_Party/FatFs/src/diskio.o
LOAD ./Middlewares/Third_Party/FatFs/src/ff.o
LOAD ./Middlewares/Third_Party/FatFs/src/ff_gen_drv.o
LOAD ./Middlewares/Third_Party/FatFs/src/option/ccsbcs.o
LOAD ./Middlewares/Third_Party/FatFs/src/option/syscall.o
LOAD ./Middlewares/Third_Party/FreeRTOS/Source/CMSIS_RTOS_V2/cmsis_os2.o
LOAD ./Middlewares/Third_Party/FreeRTOS/Source/croutine.o
LOAD ./Middlewares/Third_Party/FreeRTOS/Source/event_groups.o
LOAD ./Middlewares/Third_Party/FreeRTOS/Source/list.o
LOAD ./Middlewares/Third_Party/FreeRTOS/Source/queue.o
LOAD ./Middlewares/Third_Party/FreeRTOS/Source/stream_buffer.o
LOAD ./Middlewares/Third_Party/FreeRTOS/Source/tasks.o
LOAD ./Middlewares/Third_Party/FreeRTOS/Source/timers.o
LOAD ./Middlewares/Third_Party/FreeRTOS/Source/portable/GCC/ARM_CM4F/port.o
LOAD ./Middlewares/Third_Party/FreeRTOS/Source/portable/MemMang/heap_4.o
LOAD ./USB_HOST/App/usb_host.o
LOAD ./USB_HOST/Target/usbh_conf.o
START GROUP
LOAD C:/ST/STM32CubeIDE_1.13.1/STM32CubeIDE/plugins/com.st.stm32cube.ide.mcu.externaltools.gnu-tools-for-stm32.12.3.rel1.win32_1.0.100.202403111256/tools/bin/../lib/gcc/arm-none-eabi/12.3.1/../../../../arm-none-eabi/lib/thumb/v7e-m+fp/hard\libc_nano.a
LOAD C:/ST/STM32CubeIDE_1.13.1/STM32CubeIDE/plugins/com.st.stm32cube.ide.mcu.externaltools.gnu-tools-for-stm32.12.3.rel1.win32_1.0.100.202403111256/tools/bin/../lib/gcc/arm-none-eabi/12.3.1/../../../../arm-none-eabi/lib/thumb/v7e-m+fp/hard\libm.a
END GROUP
START GROUP
LOAD C:/ST/STM32CubeIDE_1.13.1/STM32CubeIDE/plugins/com.st.stm32cube.ide.mcu.externaltools.gnu-tools-for-stm32.12.3.rel1.win32_1.0.100.202403111256/tools/bin/../lib/gcc/arm-none-eabi/12.3.1/thumb/v7e-m+fp/hard\libgcc.a
LOAD C:/ST/STM32CubeIDE_1.13.1/STM32CubeIDE/plugins/com.st.stm32cube.ide.mcu.externaltools.gnu-tools-for-stm32.12.3.rel1.win32_1.0.100.202403111256/tools/bin/../lib/gcc/arm-none-eabi/12.3.1/../../../../arm-none-eabi/lib/thumb/v7e-m+fp/hard\libc_nano.a
END GROUP
START GROUP
LOAD C:/ST/STM32CubeIDE_1.13.1/STM32CubeIDE/plugins/com.st.stm32cube.ide.mcu.externaltools.gnu-tools-for-stm32.12.3.rel1.win32_1.0.100.202403111256/tools/bin/../lib/gcc/arm-none-eabi/12.3.1/thumb/v7e-m+fp/hard\libgcc.a
LOAD C:/ST/STM32CubeIDE_1.13.1/STM32CubeIDE/plugins/com.st.stm32cube.ide.mcu.externaltools.gnu-tools-for-stm32.12.3.rel1.win32_1.0.100.202403111256/tools/bin/../lib/gcc/arm-none-eabi/12.3.1/../../../../arm-none-eabi/lib/thumb/v7e-m+fp/hard\libc_nano.a
LOAD C:/ST/STM32CubeIDE_1.13.1/STM32CubeIDE/plugins/com.st.stm32cube.ide.mcu.externaltools.gnu-tools-for-stm32.12.3.rel1.win32_1.0.100.202403111256/tools/bin/../lib/gcc/arm-none-eabi/12.3.1/../../../../arm-none-eabi/lib/thumb/v7e-m+fp/hard\libnosys.a
END GROUP
START GROUP
LOAD C:/ST/STM32CubeIDE_1.13.1/STM32CubeIDE/plugins/com.st.stm32cube.ide.mcu.externaltools.gnu-tools-for-stm32.12.3.rel1.win32_1.0.100.202403111256/tools/bin/../lib/gcc/arm-none-eabi/12.3.1/thumb/v7e-m+fp/hard\libgcc.a
LOAD C:/ST/STM32CubeIDE_1.13.1/STM32CubeIDE/plugins/com.st.stm32cube.ide.mcu.externaltools.gnu-tools-for-stm32.12.3.rel1.win32_1.0.100.202403111256/tools/bin/../lib/gcc/arm-none-eabi/12.3.1/../../../../arm-none-eabi/lib/thumb/v7e-m+fp/hard\libc_nano.a
LOAD C:/ST/STM32CubeIDE_1.13.1/STM32CubeIDE/plugins/com.st.stm32cube.ide.mcu.externaltools.gnu-tools-for-stm32.12.3.rel1.win32_1.0.100.202403111256/tools/bin/../lib/gcc/arm-none-eabi/12.3.1/../../../../arm-none-eabi/lib/thumb/v7e-m+fp/hard\libnosys.a
END GROUP
LOAD C:/ST/STM32CubeIDE_1.13.1/STM32CubeIDE/plugins/com.st.stm32cube.ide.mcu.externaltools.gnu-tools-for-stm32.12.3.rel1.win32_1.0.100.202403111256/tools/bin/../lib/gcc/arm-none-eabi/12.3.1/thumb/v7e-m+fp/hard/crtend.o
LOAD C:/ST/STM32CubeIDE_1.13.1/STM32CubeIDE/plugins/com.st.stm32cube.ide.mcu.externaltools.gnu-tools-for-stm32.12.3.rel1.win32_1.0.100.202403111256/tools/bin/../lib/gcc/arm-none-eabi/12.3.1/thumb/v7e-m+fp/hard/crtn.o
                0x20030000                        _estack = (ORIGIN (RAM) + LENGTH (RAM))
                0x00000200                        _Min_Heap_Size = 0x200
                0x00000400                        _Min_Stack_Size = 0x400

.isr_vector     0x08000000      0x1ac
                0x08000000                        . = ALIGN (0x4)
 *(.isr_vector)
 .isr_vector    0x08000000      0x1ac ./Core/Startup/startup_stm32f429zitx.o
                0x08000000                g_pfnVectors
                0x080001ac                        . = ALIGN (0x4)

.text           0x080001b0    0x139b8
                0x080001b0                        . = ALIGN (0x4)
 *(.text)
 .text          0x080001b0       0x40 C:/ST/STM32CubeIDE_1.13.1/STM32CubeIDE/plugins/com.st.stm32cube.ide.mcu.externaltools.gnu-tools-for-stm32.12.3.rel1.win32_1.0.100.202403111256/tools/bin/../lib/gcc/arm-none-eabi/12.3.1/thumb/v7e-m+fp/hard/crtbegin.o
 .text          0x080001f0       0x14 C:/ST/STM32CubeIDE_1.13.1/STM32CubeIDE/plugins/com.st.stm32cube.ide.mcu.externaltools.gnu-tools-for-stm32.12.3.rel1.win32_1.0.100.202403111256/tools/bin/../lib/gcc/arm-none-eabi/12.3.1/../../../../arm-none-eabi/lib/thumb/v7e-m+fp/hard\libc_nano.a(libc_a-strcmp.o)
                0x080001f0                strcmp
 .text          0x08000204       0x10 C:/ST/STM32CubeIDE_1.13.1/STM32CubeIDE/plugins/com.st.stm32cube.ide.mcu.externaltools.gnu-tools-for-stm32.12.3.rel1.win32_1.0.100.202403111256/tools/bin/../lib/gcc/arm-none-eabi/12.3.1/../../../../arm-none-eabi/lib/thumb/v7e-m+fp/hard\libc_nano.a(libc_a-strlen.o)
                0x08000204                strlen
 *fill*         0x08000214        0xc 
 .text          0x08000220       0xa0 C:/ST/STM32CubeIDE_1.13.1/STM32CubeIDE/plugins/com.st.stm32cube.ide.mcu.externaltools.gnu-tools-for-stm32.12.3.rel1.win32_1.0.100.202403111256/tools/bin/../lib/gcc/arm-none-eabi/12.3.1/../../../../arm-none-eabi/lib/thumb/v7e-m+fp/hard\libc_nano.a(libc_a-memchr.o)
                0x08000220                memchr
 .text          0x080002c0      0x254 C:/ST/STM32CubeIDE_1.13.1/STM32CubeIDE/plugins/com.st.stm32cube.ide.mcu.externaltools.gnu-tools-for-stm32.12.3.rel1.win32_1.0.100.202403111256/tools/bin/../lib/gcc/arm-none-eabi/12.3.1/thumb/v7e-m+fp/hard\libgcc.a(_arm_muldf3.o)
                0x080002c0                __muldf3
                0x080002c0                __aeabi_dmul
 .text          0x08000514      0x378 C:/ST/STM32CubeIDE_1.13.1/STM32CubeIDE/plugins/com.st.stm32cube.ide.mcu.externaltools.gnu-tools-for-stm32.12.3.rel1.win32_1.0.100.202403111256/tools/bin/../lib/gcc/arm-none-eabi/12.3.1/thumb/v7e-m+fp/hard\libgcc.a(_arm_addsubdf3.o)
                0x08000514                __aeabi_drsub
                0x0800051c                __aeabi_dsub
                0x0800051c                __subdf3
                0x08000520                __aeabi_dadd
                0x08000520                __adddf3
                0x08000798                __floatunsidf
                0x08000798                __aeabi_ui2d
                0x080007b8                __floatsidf
                0x080007b8                __aeabi_i2d
                0x080007dc                __aeabi_f2d
                0x080007dc                __extendsfdf2
                0x08000820                __floatundidf
                0x08000820                __aeabi_ul2d
                0x08000830                __floatdidf
                0x08000830                __aeabi_l2d
 .text          0x0800088c       0x40 C:/ST/STM32CubeIDE_1.13.1/STM32CubeIDE/plugins/com.st.stm32cube.ide.mcu.externaltools.gnu-tools-for-stm32.12.3.rel1.win32_1.0.100.202403111256/tools/bin/../lib/gcc/arm-none-eabi/12.3.1/thumb/v7e-m+fp/hard\libgcc.a(_arm_fixunsdfsi.o)
                0x0800088c                __aeabi_d2uiz
                0x0800088c                __fixunsdfsi
 .text          0x080008cc       0x30 C:/ST/STM32CubeIDE_1.13.1/STM32CubeIDE/plugins/com.st.stm32cube.ide.mcu.externaltools.gnu-tools-for-stm32.12.3.rel1.win32_1.0.100.202403111256/tools/bin/../lib/gcc/arm-none-eabi/12.3.1/thumb/v7e-m+fp/hard\libgcc.a(_aeabi_uldivmod.o)
                0x080008cc                __aeabi_uldivmod
 .text          0x080008fc      0x2bc C:/ST/STM32CubeIDE_1.13.1/STM32CubeIDE/plugins/com.st.stm32cube.ide.mcu.externaltools.gnu-tools-for-stm32.12.3.rel1.win32_1.0.100.202403111256/tools/bin/../lib/gcc/arm-none-eabi/12.3.1/thumb/v7e-m+fp/hard\libgcc.a(_udivmoddi4.o)
                0x080008fc                __udivmoddi4
 .text          0x08000bb8        0x4 C:/ST/STM32CubeIDE_1.13.1/STM32CubeIDE/plugins/com.st.stm32cube.ide.mcu.externaltools.gnu-tools-for-stm32.12.3.rel1.win32_1.0.100.202403111256/tools/bin/../lib/gcc/arm-none-eabi/12.3.1/thumb/v7e-m+fp/hard\libgcc.a(_dvmd_tls.o)
                0x08000bb8                __aeabi_idiv0
                0x08000bb8                __aeabi_ldiv0
 *(.text*)
 .text.Send_Uart
                0x08000bbc       0x14 ./Core/Src/File_Handling.o
                0x08000bbc                Send_Uart
 .text.Mount_USB
                0x08000bd0       0x44 ./Core/Src/File_Handling.o
                0x08000bd0                Mount_USB
 .text.Unmount_USB
                0x08000c14       0x40 ./Core/Src/File_Handling.o
                0x08000c14                Unmount_USB
 .text.Scan_USB
                0x08000c54      0x14c ./Core/Src/File_Handling.o
                0x08000c54                Scan_USB
 .text.Write_File
                0x08000da0      0x188 ./Core/Src/File_Handling.o
                0x08000da0                Write_File
 .text.Create_File
                0x08000f28      0x138 ./Core/Src/File_Handling.o
                0x08000f28                Create_File
 .text.Update_File
                0x08001060      0x1b0 ./Core/Src/File_Handling.o
                0x08001060                Update_File
 .text.Create_Dir
                0x08001210       0x80 ./Core/Src/File_Handling.o
                0x08001210                Create_Dir
 .text.Check_USB_Details
                0x08001290       0xe8 ./Core/Src/File_Handling.o
                0x08001290                Check_USB_Details
 .text.__NVIC_SetPriorityGrouping
                0x08001378       0x48 ./Core/Src/main.o
 .text.main     0x080013c0       0x44 ./Core/Src/main.o
                0x080013c0                main
 .text.SystemClock_Config
                0x08001404       0xd4 ./Core/Src/main.o
                0x08001404                SystemClock_Config
 .text.MX_GPIO_Init
                0x080014d8       0x34 ./Core/Src/main.o
 .text.StartDefaultTask
                0x0800150c       0xb8 ./Core/Src/main.o
                0x0800150c                StartDefaultTask
 .text.HAL_TIM_PeriodElapsedCallback
                0x080015c4       0x24 ./Core/Src/main.o
                0x080015c4                HAL_TIM_PeriodElapsedCallback
 .text.Error_Handler
                0x080015e8        0xc ./Core/Src/main.o
                0x080015e8                Error_Handler
 .text.HAL_MspInit
                0x080015f4       0x58 ./Core/Src/stm32f4xx_hal_msp.o
                0x080015f4                HAL_MspInit
 .text.HAL_InitTick
                0x0800164c       0xf8 ./Core/Src/stm32f4xx_hal_timebase_tim.o
                0x0800164c                HAL_InitTick
 .text.NMI_Handler
                0x08001744        0x8 ./Core/Src/stm32f4xx_it.o
                0x08001744                NMI_Handler
 .text.HardFault_Handler
                0x0800174c        0x8 ./Core/Src/stm32f4xx_it.o
                0x0800174c                HardFault_Handler
 .text.MemManage_Handler
                0x08001754        0x8 ./Core/Src/stm32f4xx_it.o
                0x08001754                MemManage_Handler
 .text.BusFault_Handler
                0x0800175c        0x8 ./Core/Src/stm32f4xx_it.o
                0x0800175c                BusFault_Handler
 .text.UsageFault_Handler
                0x08001764        0x8 ./Core/Src/stm32f4xx_it.o
                0x08001764                UsageFault_Handler
 .text.DebugMon_Handler
                0x0800176c        0xe ./Core/Src/stm32f4xx_it.o
                0x0800176c                DebugMon_Handler
 *fill*         0x0800177a        0x2 
 .text.TIM6_DAC_IRQHandler
                0x0800177c       0x14 ./Core/Src/stm32f4xx_it.o
                0x0800177c                TIM6_DAC_IRQHandler
 .text.OTG_FS_IRQHandler
                0x08001790       0x14 ./Core/Src/stm32f4xx_it.o
                0x08001790                OTG_FS_IRQHandler
 .text._sbrk    0x080017a4       0x6c ./Core/Src/sysmem.o
                0x080017a4                _sbrk
 .text.SystemInit
                0x08001810       0x24 ./Core/Src/system_stm32f4xx.o
                0x08001810                SystemInit
 .text.Reset_Handler
                0x08001834       0x50 ./Core/Startup/startup_stm32f429zitx.o
                0x08001834                Reset_Handler
 .text.Default_Handler
                0x08001884        0x2 ./Core/Startup/startup_stm32f429zitx.o
                0x08001884                RTC_Alarm_IRQHandler
                0x08001884                HASH_RNG_IRQHandler
                0x08001884                EXTI2_IRQHandler
                0x08001884                TIM8_CC_IRQHandler
                0x08001884                UART8_IRQHandler
                0x08001884                SPI4_IRQHandler
                0x08001884                TIM1_CC_IRQHandler
                0x08001884                DMA2_Stream5_IRQHandler
                0x08001884                DMA1_Stream5_IRQHandler
                0x08001884                PVD_IRQHandler
                0x08001884                SDIO_IRQHandler
                0x08001884                TAMP_STAMP_IRQHandler
                0x08001884                CAN2_RX1_IRQHandler
                0x08001884                EXTI3_IRQHandler
                0x08001884                TIM8_TRG_COM_TIM14_IRQHandler
                0x08001884                TIM1_UP_TIM10_IRQHandler
                0x08001884                TIM8_UP_TIM13_IRQHandler
                0x08001884                I2C3_ER_IRQHandler
                0x08001884                EXTI0_IRQHandler
                0x08001884                I2C2_EV_IRQHandler
                0x08001884                DMA1_Stream2_IRQHandler
                0x08001884                CAN1_RX0_IRQHandler
                0x08001884                FPU_IRQHandler
                0x08001884                OTG_HS_WKUP_IRQHandler
                0x08001884                LTDC_ER_IRQHandler
                0x08001884                CAN2_SCE_IRQHandler
                0x08001884                DMA2_Stream2_IRQHandler
                0x08001884                SPI1_IRQHandler
                0x08001884                TIM1_BRK_TIM9_IRQHandler
                0x08001884                DCMI_IRQHandler
                0x08001884                CAN2_RX0_IRQHandler
                0x08001884                DMA2_Stream3_IRQHandler
                0x08001884                USART6_IRQHandler
                0x08001884                USART3_IRQHandler
                0x08001884                CAN1_RX1_IRQHandler
                0x08001884                UART5_IRQHandler
                0x08001884                DMA2_Stream0_IRQHandler
                0x08001884                TIM4_IRQHandler
                0x08001884                I2C1_EV_IRQHandler
                0x08001884                DMA1_Stream6_IRQHandler
                0x08001884                DMA1_Stream1_IRQHandler
                0x08001884                UART4_IRQHandler
                0x08001884                TIM3_IRQHandler
                0x08001884                RCC_IRQHandler
                0x08001884                TIM8_BRK_TIM12_IRQHandler
                0x08001884                Default_Handler
                0x08001884                EXTI15_10_IRQHandler
                0x08001884                ADC_IRQHandler
                0x08001884                DMA1_Stream7_IRQHandler
                0x08001884                SPI5_IRQHandler
                0x08001884                TIM7_IRQHandler
                0x08001884                CAN2_TX_IRQHandler
                0x08001884                TIM5_IRQHandler
                0x08001884                DMA2_Stream7_IRQHandler
                0x08001884                I2C3_EV_IRQHandler
                0x08001884                EXTI9_5_IRQHandler
                0x08001884                RTC_WKUP_IRQHandler
                0x08001884                LTDC_IRQHandler
                0x08001884                ETH_WKUP_IRQHandler
                0x08001884                SPI2_IRQHandler
                0x08001884                OTG_HS_EP1_IN_IRQHandler
                0x08001884                DMA1_Stream0_IRQHandler
                0x08001884                CAN1_TX_IRQHandler
                0x08001884                EXTI4_IRQHandler
                0x08001884                ETH_IRQHandler
                0x08001884                OTG_HS_EP1_OUT_IRQHandler
                0x08001884                WWDG_IRQHandler
                0x08001884                SPI6_IRQHandler
                0x08001884                TIM2_IRQHandler
                0x08001884                OTG_FS_WKUP_IRQHandler
                0x08001884                TIM1_TRG_COM_TIM11_IRQHandler
                0x08001884                OTG_HS_IRQHandler
                0x08001884                DMA2D_IRQHandler
                0x08001884                EXTI1_IRQHandler
                0x08001884                UART7_IRQHandler
                0x08001884                USART2_IRQHandler
                0x08001884                I2C2_ER_IRQHandler
                0x08001884                DMA2_Stream1_IRQHandler
                0x08001884                CAN1_SCE_IRQHandler
                0x08001884                FLASH_IRQHandler
                0x08001884                DMA2_Stream4_IRQHandler
                0x08001884                USART1_IRQHandler
                0x08001884                SPI3_IRQHandler
                0x08001884                DMA1_Stream4_IRQHandler
                0x08001884                I2C1_ER_IRQHandler
                0x08001884                FMC_IRQHandler
                0x08001884                DMA2_Stream6_IRQHandler
                0x08001884                SAI1_IRQHandler
                0x08001884                DMA1_Stream3_IRQHandler
 *fill*         0x08001886        0x2 
 .text.HAL_Init
                0x08001888       0x44 ./Drivers/STM32F4xx_HAL_Driver/Src/stm32f4xx_hal.o
                0x08001888                HAL_Init
 .text.HAL_IncTick
                0x080018cc       0x28 ./Drivers/STM32F4xx_HAL_Driver/Src/stm32f4xx_hal.o
                0x080018cc                HAL_IncTick
 .text.HAL_GetTick
                0x080018f4       0x18 ./Drivers/STM32F4xx_HAL_Driver/Src/stm32f4xx_hal.o
                0x080018f4                HAL_GetTick
 .text.HAL_Delay
                0x0800190c       0x48 ./Drivers/STM32F4xx_HAL_Driver/Src/stm32f4xx_hal.o
                0x0800190c                HAL_Delay
 .text.__NVIC_SetPriorityGrouping
                0x08001954       0x48 ./Drivers/STM32F4xx_HAL_Driver/Src/stm32f4xx_hal_cortex.o
 .text.__NVIC_GetPriorityGrouping
                0x0800199c       0x1c ./Drivers/STM32F4xx_HAL_Driver/Src/stm32f4xx_hal_cortex.o
 .text.__NVIC_EnableIRQ
                0x080019b8       0x3c ./Drivers/STM32F4xx_HAL_Driver/Src/stm32f4xx_hal_cortex.o
 .text.__NVIC_SetPriority
                0x080019f4       0x54 ./Drivers/STM32F4xx_HAL_Driver/Src/stm32f4xx_hal_cortex.o
 .text.NVIC_EncodePriority
                0x08001a48       0x66 ./Drivers/STM32F4xx_HAL_Driver/Src/stm32f4xx_hal_cortex.o
 .text.HAL_NVIC_SetPriorityGrouping
                0x08001aae       0x16 ./Drivers/STM32F4xx_HAL_Driver/Src/stm32f4xx_hal_cortex.o
                0x08001aae                HAL_NVIC_SetPriorityGrouping
 .text.HAL_NVIC_SetPriority
                0x08001ac4       0x38 ./Drivers/STM32F4xx_HAL_Driver/Src/stm32f4xx_hal_cortex.o
                0x08001ac4                HAL_NVIC_SetPriority
 .text.HAL_NVIC_EnableIRQ
                0x08001afc       0x1c ./Drivers/STM32F4xx_HAL_Driver/Src/stm32f4xx_hal_cortex.o
                0x08001afc                HAL_NVIC_EnableIRQ
 .text.HAL_GPIO_Init
                0x08001b18      0x358 ./Drivers/STM32F4xx_HAL_Driver/Src/stm32f4xx_hal_gpio.o
                0x08001b18                HAL_GPIO_Init
 .text.HAL_HCD_Init
                0x08001e70       0xce ./Drivers/STM32F4xx_HAL_Driver/Src/stm32f4xx_hal_hcd.o
                0x08001e70                HAL_HCD_Init
 .text.HAL_HCD_HC_Init
                0x08001f3e      0x170 ./Drivers/STM32F4xx_HAL_Driver/Src/stm32f4xx_hal_hcd.o
                0x08001f3e                HAL_HCD_HC_Init
 .text.HAL_HCD_HC_Halt
                0x080020ae       0x46 ./Drivers/STM32F4xx_HAL_Driver/Src/stm32f4xx_hal_hcd.o
                0x080020ae                HAL_HCD_HC_Halt
 .text.HAL_HCD_HC_SubmitRequest
                0x080020f4      0x33c ./Drivers/STM32F4xx_HAL_Driver/Src/stm32f4xx_hal_hcd.o
                0x080020f4                HAL_HCD_HC_SubmitRequest
 .text.HAL_HCD_IRQHandler
                0x08002430      0x220 ./Drivers/STM32F4xx_HAL_Driver/Src/stm32f4xx_hal_hcd.o
                0x08002430                HAL_HCD_IRQHandler
 .text.HAL_HCD_Start
                0x08002650       0x46 ./Drivers/STM32F4xx_HAL_Driver/Src/stm32f4xx_hal_hcd.o
                0x08002650                HAL_HCD_Start
 .text.HAL_HCD_Stop
                0x08002696       0x3a ./Drivers/STM32F4xx_HAL_Driver/Src/stm32f4xx_hal_hcd.o
                0x08002696                HAL_HCD_Stop
 .text.HAL_HCD_ResetPort
                0x080026d0       0x1c ./Drivers/STM32F4xx_HAL_Driver/Src/stm32f4xx_hal_hcd.o
                0x080026d0                HAL_HCD_ResetPort
 .text.HAL_HCD_HC_GetURBState
                0x080026ec       0x2a ./Drivers/STM32F4xx_HAL_Driver/Src/stm32f4xx_hal_hcd.o
                0x080026ec                HAL_HCD_HC_GetURBState
 .text.HAL_HCD_HC_GetXferCount
                0x08002716       0x2a ./Drivers/STM32F4xx_HAL_Driver/Src/stm32f4xx_hal_hcd.o
                0x08002716                HAL_HCD_HC_GetXferCount
 .text.HAL_HCD_GetCurrentFrame
                0x08002740       0x1c ./Drivers/STM32F4xx_HAL_Driver/Src/stm32f4xx_hal_hcd.o
                0x08002740                HAL_HCD_GetCurrentFrame
 .text.HAL_HCD_GetCurrentSpeed
                0x0800275c       0x1c ./Drivers/STM32F4xx_HAL_Driver/Src/stm32f4xx_hal_hcd.o
                0x0800275c                HAL_HCD_GetCurrentSpeed
 .text.HAL_HCD_HC_ClearHubInfo
                0x08002778       0x6a ./Drivers/STM32F4xx_HAL_Driver/Src/stm32f4xx_hal_hcd.o
                0x08002778                HAL_HCD_HC_ClearHubInfo
 .text.HCD_HC_IN_IRQHandler
                0x080027e2      0xcd2 ./Drivers/STM32F4xx_HAL_Driver/Src/stm32f4xx_hal_hcd.o
 .text.HCD_HC_OUT_IRQHandler
                0x080034b4      0x94a ./Drivers/STM32F4xx_HAL_Driver/Src/stm32f4xx_hal_hcd.o
 .text.HCD_RXQLVL_IRQHandler
                0x08003dfe      0x1be ./Drivers/STM32F4xx_HAL_Driver/Src/stm32f4xx_hal_hcd.o
 .text.HCD_Port_IRQHandler
                0x08003fbc       0xe6 ./Drivers/STM32F4xx_HAL_Driver/Src/stm32f4xx_hal_hcd.o
 *fill*         0x080040a2        0x2 
 .text.HAL_RCC_OscConfig
                0x080040a4      0x4f0 ./Drivers/STM32F4xx_HAL_Driver/Src/stm32f4xx_hal_rcc.o
                0x080040a4                HAL_RCC_OscConfig
 .text.HAL_RCC_ClockConfig
                0x08004594      0x1cc ./Drivers/STM32F4xx_HAL_Driver/Src/stm32f4xx_hal_rcc.o
                0x08004594                HAL_RCC_ClockConfig
 .text.HAL_RCC_GetSysClockFreq
                0x08004760      0x18c ./Drivers/STM32F4xx_HAL_Driver/Src/stm32f4xx_hal_rcc.o
                0x08004760                HAL_RCC_GetSysClockFreq
 .text.HAL_RCC_GetHCLKFreq
                0x080048ec       0x18 ./Drivers/STM32F4xx_HAL_Driver/Src/stm32f4xx_hal_rcc.o
                0x080048ec                HAL_RCC_GetHCLKFreq
 .text.HAL_RCC_GetPCLK1Freq
                0x08004904       0x28 ./Drivers/STM32F4xx_HAL_Driver/Src/stm32f4xx_hal_rcc.o
                0x08004904                HAL_RCC_GetPCLK1Freq
 .text.HAL_RCC_GetClockConfig
                0x0800492c       0x64 ./Drivers/STM32F4xx_HAL_Driver/Src/stm32f4xx_hal_rcc.o
                0x0800492c                HAL_RCC_GetClockConfig
 .text.HAL_TIM_Base_Init
                0x08004990       0x9e ./Drivers/STM32F4xx_HAL_Driver/Src/stm32f4xx_hal_tim.o
                0x08004990                HAL_TIM_Base_Init
 .text.HAL_TIM_Base_MspInit
                0x08004a2e       0x14 ./Drivers/STM32F4xx_HAL_Driver/Src/stm32f4xx_hal_tim.o
                0x08004a2e                HAL_TIM_Base_MspInit
 *fill*         0x08004a42        0x2 
 .text.HAL_TIM_Base_Start_IT
                0x08004a44       0xe0 ./Drivers/STM32F4xx_HAL_Driver/Src/stm32f4xx_hal_tim.o
                0x08004a44                HAL_TIM_Base_Start_IT
 .text.HAL_TIM_IRQHandler
                0x08004b24      0x1e0 ./Drivers/STM32F4xx_HAL_Driver/Src/stm32f4xx_hal_tim.o
                0x08004b24                HAL_TIM_IRQHandler
 .text.HAL_TIM_OC_DelayElapsedCallback
                0x08004d04       0x14 ./Drivers/STM32F4xx_HAL_Driver/Src/stm32f4xx_hal_tim.o
                0x08004d04                HAL_TIM_OC_DelayElapsedCallback
 .text.HAL_TIM_IC_CaptureCallback
                0x08004d18       0x14 ./Drivers/STM32F4xx_HAL_Driver/Src/stm32f4xx_hal_tim.o
                0x08004d18                HAL_TIM_IC_CaptureCallback
 .text.HAL_TIM_PWM_PulseFinishedCallback
                0x08004d2c       0x14 ./Drivers/STM32F4xx_HAL_Driver/Src/stm32f4xx_hal_tim.o
                0x08004d2c                HAL_TIM_PWM_PulseFinishedCallback
 .text.HAL_TIM_TriggerCallback
                0x08004d40       0x14 ./Drivers/STM32F4xx_HAL_Driver/Src/stm32f4xx_hal_tim.o
                0x08004d40                HAL_TIM_TriggerCallback
 .text.TIM_Base_SetConfig
                0x08004d54      0x158 ./Drivers/STM32F4xx_HAL_Driver/Src/stm32f4xx_hal_tim.o
                0x08004d54                TIM_Base_SetConfig
 .text.HAL_TIMEx_CommutCallback
                0x08004eac       0x14 ./Drivers/STM32F4xx_HAL_Driver/Src/stm32f4xx_hal_tim_ex.o
                0x08004eac                HAL_TIMEx_CommutCallback
 .text.HAL_TIMEx_BreakCallback
                0x08004ec0       0x14 ./Drivers/STM32F4xx_HAL_Driver/Src/stm32f4xx_hal_tim_ex.o
                0x08004ec0                HAL_TIMEx_BreakCallback
 .text.USB_CoreInit
                0x08004ed4       0xc8 ./Drivers/STM32F4xx_HAL_Driver/Src/stm32f4xx_ll_usb.o
                0x08004ed4                USB_CoreInit
 .text.USB_EnableGlobalInt
                0x08004f9c       0x22 ./Drivers/STM32F4xx_HAL_Driver/Src/stm32f4xx_ll_usb.o
                0x08004f9c                USB_EnableGlobalInt
 .text.USB_DisableGlobalInt
                0x08004fbe       0x22 ./Drivers/STM32F4xx_HAL_Driver/Src/stm32f4xx_ll_usb.o
                0x08004fbe                USB_DisableGlobalInt
 .text.USB_SetCurrentMode
                0x08004fe0       0x98 ./Drivers/STM32F4xx_HAL_Driver/Src/stm32f4xx_ll_usb.o
                0x08004fe0                USB_SetCurrentMode
 .text.USB_FlushTxFifo
                0x08005078       0x64 ./Drivers/STM32F4xx_HAL_Driver/Src/stm32f4xx_ll_usb.o
                0x08005078                USB_FlushTxFifo
 .text.USB_FlushRxFifo
                0x080050dc       0x5c ./Drivers/STM32F4xx_HAL_Driver/Src/stm32f4xx_ll_usb.o
                0x080050dc                USB_FlushRxFifo
 .text.USB_WritePacket
                0x08005138       0x7c ./Drivers/STM32F4xx_HAL_Driver/Src/stm32f4xx_ll_usb.o
                0x08005138                USB_WritePacket
 .text.USB_ReadPacket
                0x080051b4       0xb0 ./Drivers/STM32F4xx_HAL_Driver/Src/stm32f4xx_ll_usb.o
                0x080051b4                USB_ReadPacket
 .text.USB_ReadInterrupts
                0x08005264       0x26 ./Drivers/STM32F4xx_HAL_Driver/Src/stm32f4xx_ll_usb.o
                0x08005264                USB_ReadInterrupts
 .text.USB_ReadChInterrupts
                0x0800528a       0x42 ./Drivers/STM32F4xx_HAL_Driver/Src/stm32f4xx_ll_usb.o
                0x0800528a                USB_ReadChInterrupts
 .text.USB_GetMode
                0x080052cc       0x1c ./Drivers/STM32F4xx_HAL_Driver/Src/stm32f4xx_ll_usb.o
                0x080052cc                USB_GetMode
 .text.USB_CoreReset
                0x080052e8       0x62 ./Drivers/STM32F4xx_HAL_Driver/Src/stm32f4xx_ll_usb.o
 *fill*         0x0800534a        0x2 
 .text.USB_HostInit
                0x0800534c      0x188 ./Drivers/STM32F4xx_HAL_Driver/Src/stm32f4xx_ll_usb.o
                0x0800534c                USB_HostInit
 .text.USB_InitFSLSPClkSel
                0x080054d4       0x7a ./Drivers/STM32F4xx_HAL_Driver/Src/stm32f4xx_ll_usb.o
                0x080054d4                USB_InitFSLSPClkSel
 .text.USB_ResetPort
                0x0800554e       0x54 ./Drivers/STM32F4xx_HAL_Driver/Src/stm32f4xx_ll_usb.o
                0x0800554e                USB_ResetPort
 .text.USB_DriveVbus
                0x080055a2       0x72 ./Drivers/STM32F4xx_HAL_Driver/Src/stm32f4xx_ll_usb.o
                0x080055a2                USB_DriveVbus
 .text.USB_GetHostSpeed
                0x08005614       0x2e ./Drivers/STM32F4xx_HAL_Driver/Src/stm32f4xx_ll_usb.o
                0x08005614                USB_GetHostSpeed
 .text.USB_GetCurrentFrame
                0x08005642       0x22 ./Drivers/STM32F4xx_HAL_Driver/Src/stm32f4xx_ll_usb.o
                0x08005642                USB_GetCurrentFrame
 .text.USB_HC_Init
                0x08005664      0x258 ./Drivers/STM32F4xx_HAL_Driver/Src/stm32f4xx_ll_usb.o
                0x08005664                USB_HC_Init
 .text.USB_HC_StartXfer
                0x080058bc      0x4f4 ./Drivers/STM32F4xx_HAL_Driver/Src/stm32f4xx_ll_usb.o
                0x080058bc                USB_HC_StartXfer
 .text.USB_HC_ReadInterrupt
                0x08005db0       0x22 ./Drivers/STM32F4xx_HAL_Driver/Src/stm32f4xx_ll_usb.o
                0x08005db0                USB_HC_ReadInterrupt
 .text.USB_HC_Halt
                0x08005dd2      0x240 ./Drivers/STM32F4xx_HAL_Driver/Src/stm32f4xx_ll_usb.o
                0x08005dd2                USB_HC_Halt
 *fill*         0x08006012        0x2 
 .text.USB_DoPing
                0x08006014       0x78 ./Drivers/STM32F4xx_HAL_Driver/Src/stm32f4xx_ll_usb.o
                0x08006014                USB_DoPing
 .text.USB_StopHost
                0x0800608c      0x124 ./Drivers/STM32F4xx_HAL_Driver/Src/stm32f4xx_ll_usb.o
                0x0800608c                USB_StopHost
 .text.MX_FATFS_Init
                0x080061b0       0x24 ./FATFS/App/fatfs.o
                0x080061b0                MX_FATFS_Init
 .text.get_fattime
                0x080061d4       0x10 ./FATFS/App/fatfs.o
                0x080061d4                get_fattime
 .text.USBH_initialize
                0x080061e4       0x18 ./FATFS/Target/usbh_diskio.o
                0x080061e4                USBH_initialize
 .text.USBH_status
                0x080061fc       0x38 ./FATFS/Target/usbh_diskio.o
                0x080061fc                USBH_status
 .text.USBH_read
                0x08006234       0x74 ./FATFS/Target/usbh_diskio.o
                0x08006234                USBH_read
 .text.USBH_write
                0x080062a8       0x84 ./FATFS/Target/usbh_diskio.o
                0x080062a8                USBH_write
 .text.USBH_ioctl
                0x0800632c       0xd8 ./FATFS/Target/usbh_diskio.o
                0x0800632c                USBH_ioctl
 .text.USBH_MSC_InterfaceInit
                0x08006404      0x244 ./Middlewares/ST/STM32_USB_Host_Library/Class/MSC/Src/usbh_msc.o
 .text.USBH_MSC_InterfaceDeInit
                0x08006648       0x8c ./Middlewares/ST/STM32_USB_Host_Library/Class/MSC/Src/usbh_msc.o
 .text.USBH_MSC_ClassRequest
                0x080066d4       0xce ./Middlewares/ST/STM32_USB_Host_Library/Class/MSC/Src/usbh_msc.o
 *fill*         0x080067a2        0x2 
 .text.USBH_MSC_Process
                0x080067a4      0x554 ./Middlewares/ST/STM32_USB_Host_Library/Class/MSC/Src/usbh_msc.o
 .text.USBH_MSC_SOFProcess
                0x08006cf8       0x16 ./Middlewares/ST/STM32_USB_Host_Library/Class/MSC/Src/usbh_msc.o
 .text.USBH_MSC_RdWrProcess
                0x08006d0e      0x1e8 ./Middlewares/ST/STM32_USB_Host_Library/Class/MSC/Src/usbh_msc.o
 .text.USBH_MSC_UnitIsReady
                0x08006ef6       0x4c ./Middlewares/ST/STM32_USB_Host_Library/Class/MSC/Src/usbh_msc.o
                0x08006ef6                USBH_MSC_UnitIsReady
 .text.USBH_MSC_GetLUNInfo
                0x08006f42       0x48 ./Middlewares/ST/STM32_USB_Host_Library/Class/MSC/Src/usbh_msc.o
                0x08006f42                USBH_MSC_GetLUNInfo
 .text.USBH_MSC_Read
                0x08006f8a       0xd2 ./Middlewares/ST/STM32_USB_Host_Library/Class/MSC/Src/usbh_msc.o
                0x08006f8a                USBH_MSC_Read
 .text.USBH_MSC_Write
                0x0800705c       0xd2 ./Middlewares/ST/STM32_USB_Host_Library/Class/MSC/Src/usbh_msc.o
                0x0800705c                USBH_MSC_Write
 .text.USBH_MSC_BOT_REQ_Reset
                0x0800712e       0x3a ./Middlewares/ST/STM32_USB_Host_Library/Class/MSC/Src/usbh_msc_bot.o
                0x0800712e                USBH_MSC_BOT_REQ_Reset
 .text.USBH_MSC_BOT_REQ_GetMaxLUN
                0x08007168       0x3c ./Middlewares/ST/STM32_USB_Host_Library/Class/MSC/Src/usbh_msc_bot.o
                0x08007168                USBH_MSC_BOT_REQ_GetMaxLUN
 .text.USBH_MSC_BOT_Init
                0x080071a4       0x44 ./Middlewares/ST/STM32_USB_Host_Library/Class/MSC/Src/usbh_msc_bot.o
                0x080071a4                USBH_MSC_BOT_Init
 .text.USBH_MSC_BOT_Process
                0x080071e8      0x4b4 ./Middlewares/ST/STM32_USB_Host_Library/Class/MSC/Src/usbh_msc_bot.o
                0x080071e8                USBH_MSC_BOT_Process
 .text.USBH_MSC_BOT_Abort
                0x0800769c       0x58 ./Middlewares/ST/STM32_USB_Host_Library/Class/MSC/Src/usbh_msc_bot.o
 .text.USBH_MSC_DecodeCSW
                0x080076f4       0x88 ./Middlewares/ST/STM32_USB_Host_Library/Class/MSC/Src/usbh_msc_bot.o
 .text.USBH_MSC_SCSI_TestUnitReady
                0x0800777c       0x86 ./Middlewares/ST/STM32_USB_Host_Library/Class/MSC/Src/usbh_msc_scsi.o
                0x0800777c                USBH_MSC_SCSI_TestUnitReady
 .text.USBH_MSC_SCSI_ReadCapacity
                0x08007802       0xf4 ./Middlewares/ST/STM32_USB_Host_Library/Class/MSC/Src/usbh_msc_scsi.o
                0x08007802                USBH_MSC_SCSI_ReadCapacity
 .text.USBH_MSC_SCSI_Inquiry
                0x080078f6      0x14a ./Middlewares/ST/STM32_USB_Host_Library/Class/MSC/Src/usbh_msc_scsi.o
                0x080078f6                USBH_MSC_SCSI_Inquiry
 .text.USBH_MSC_SCSI_RequestSense
                0x08007a40       0xf2 ./Middlewares/ST/STM32_USB_Host_Library/Class/MSC/Src/usbh_msc_scsi.o
                0x08007a40                USBH_MSC_SCSI_RequestSense
 .text.USBH_MSC_SCSI_Write
                0x08007b32       0xd6 ./Middlewares/ST/STM32_USB_Host_Library/Class/MSC/Src/usbh_msc_scsi.o
                0x08007b32                USBH_MSC_SCSI_Write
 .text.USBH_MSC_SCSI_Read
                0x08007c08       0xd6 ./Middlewares/ST/STM32_USB_Host_Library/Class/MSC/Src/usbh_msc_scsi.o
                0x08007c08                USBH_MSC_SCSI_Read
 *fill*         0x08007cde        0x2 
 .text.USBH_Init
                0x08007ce0       0xb8 ./Middlewares/ST/STM32_USB_Host_Library/Core/Src/usbh_core.o
                0x08007ce0                USBH_Init
 .text.DeInitStateMachine
                0x08007d98       0xe6 ./Middlewares/ST/STM32_USB_Host_Library/Core/Src/usbh_core.o
 .text.USBH_RegisterClass
                0x08007e7e       0x54 ./Middlewares/ST/STM32_USB_Host_Library/Core/Src/usbh_core.o
                0x08007e7e                USBH_RegisterClass
 .text.USBH_SelectInterface
                0x08007ed2       0x38 ./Middlewares/ST/STM32_USB_Host_Library/Core/Src/usbh_core.o
                0x08007ed2                USBH_SelectInterface
 .text.USBH_FindInterface
                0x08007f0a       0x8c ./Middlewares/ST/STM32_USB_Host_Library/Core/Src/usbh_core.o
                0x08007f0a                USBH_FindInterface
 .text.USBH_Start
                0x08007f96       0x20 ./Middlewares/ST/STM32_USB_Host_Library/Core/Src/usbh_core.o
                0x08007f96                USBH_Start
 *fill*         0x08007fb6        0x2 
 .text.USBH_Process
                0x08007fb8      0x4d4 ./Middlewares/ST/STM32_USB_Host_Library/Core/Src/usbh_core.o
                0x08007fb8                USBH_Process
 .text.USBH_HandleEnum
                0x0800848c      0x450 ./Middlewares/ST/STM32_USB_Host_Library/Core/Src/usbh_core.o
 .text.USBH_LL_SetTimer
                0x080088dc       0x1e ./Middlewares/ST/STM32_USB_Host_Library/Core/Src/usbh_core.o
                0x080088dc                USBH_LL_SetTimer
 .text.USBH_LL_IncTimer
                0x080088fa       0x24 ./Middlewares/ST/STM32_USB_Host_Library/Core/Src/usbh_core.o
                0x080088fa                USBH_LL_IncTimer
 .text.USBH_HandleSof
                0x0800891e       0x30 ./Middlewares/ST/STM32_USB_Host_Library/Core/Src/usbh_core.o
 .text.USBH_LL_PortEnabled
                0x0800894e       0x34 ./Middlewares/ST/STM32_USB_Host_Library/Core/Src/usbh_core.o
                0x0800894e                USBH_LL_PortEnabled
 .text.USBH_LL_PortDisabled
                0x08008982       0x1c ./Middlewares/ST/STM32_USB_Host_Library/Core/Src/usbh_core.o
                0x08008982                USBH_LL_PortDisabled
 .text.USBH_LL_Connect
                0x0800899e       0x46 ./Middlewares/ST/STM32_USB_Host_Library/Core/Src/usbh_core.o
                0x0800899e                USBH_LL_Connect
 .text.USBH_LL_Disconnect
                0x080089e4       0x64 ./Middlewares/ST/STM32_USB_Host_Library/Core/Src/usbh_core.o
                0x080089e4                USBH_LL_Disconnect
 .text.USBH_Process_OS
                0x08008a48       0x2e ./Middlewares/ST/STM32_USB_Host_Library/Core/Src/usbh_core.o
 .text.USBH_LL_NotifyURBChange
                0x08008a76       0x2e ./Middlewares/ST/STM32_USB_Host_Library/Core/Src/usbh_core.o
                0x08008a76                USBH_LL_NotifyURBChange
 .text.USBH_Get_DevDesc
                0x08008aa4       0x58 ./Middlewares/ST/STM32_USB_Host_Library/Core/Src/usbh_ctlreq.o
                0x08008aa4                USBH_Get_DevDesc
 .text.USBH_Get_CfgDesc
                0x08008afc       0x54 ./Middlewares/ST/STM32_USB_Host_Library/Core/Src/usbh_ctlreq.o
                0x08008afc                USBH_Get_CfgDesc
 .text.USBH_Get_StringDesc
                0x08008b50       0x68 ./Middlewares/ST/STM32_USB_Host_Library/Core/Src/usbh_ctlreq.o
                0x08008b50                USBH_Get_StringDesc
 .text.USBH_GetDescriptor
                0x08008bb8       0x6a ./Middlewares/ST/STM32_USB_Host_Library/Core/Src/usbh_ctlreq.o
                0x08008bb8                USBH_GetDescriptor
 .text.USBH_SetAddress
                0x08008c22       0x48 ./Middlewares/ST/STM32_USB_Host_Library/Core/Src/usbh_ctlreq.o
                0x08008c22                USBH_SetAddress
 .text.USBH_SetCfg
                0x08008c6a       0x46 ./Middlewares/ST/STM32_USB_Host_Library/Core/Src/usbh_ctlreq.o
                0x08008c6a                USBH_SetCfg
 .text.USBH_SetFeature
                0x08008cb0       0x48 ./Middlewares/ST/STM32_USB_Host_Library/Core/Src/usbh_ctlreq.o
                0x08008cb0                USBH_SetFeature
 .text.USBH_ClrFeature
                0x08008cf8       0x48 ./Middlewares/ST/STM32_USB_Host_Library/Core/Src/usbh_ctlreq.o
                0x08008cf8                USBH_ClrFeature
 .text.USBH_ParseDevDesc
                0x08008d40      0x160 ./Middlewares/ST/STM32_USB_Host_Library/Core/Src/usbh_ctlreq.o
 .text.USBH_ParseCfgDesc
                0x08008ea0      0x1f0 ./Middlewares/ST/STM32_USB_Host_Library/Core/Src/usbh_ctlreq.o
 .text.USBH_ParseInterfaceDesc
                0x08009090       0x68 ./Middlewares/ST/STM32_USB_Host_Library/Core/Src/usbh_ctlreq.o
 .text.USBH_ParseEPDesc
                0x080090f8      0x1d0 ./Middlewares/ST/STM32_USB_Host_Library/Core/Src/usbh_ctlreq.o
 .text.USBH_ParseStringDesc
                0x080092c8       0x66 ./Middlewares/ST/STM32_USB_Host_Library/Core/Src/usbh_ctlreq.o
 .text.USBH_GetNextDesc
                0x0800932e       0x34 ./Middlewares/ST/STM32_USB_Host_Library/Core/Src/usbh_ctlreq.o
                0x0800932e                USBH_GetNextDesc
 .text.USBH_CtlReq
                0x08009362       0xb2 ./Middlewares/ST/STM32_USB_Host_Library/Core/Src/usbh_ctlreq.o
                0x08009362                USBH_CtlReq
 .text.USBH_HandleControl
                0x08009414      0x490 ./Middlewares/ST/STM32_USB_Host_Library/Core/Src/usbh_ctlreq.o
 .text.USBH_CtlSendSetup
                0x080098a4       0x34 ./Middlewares/ST/STM32_USB_Host_Library/Core/Src/usbh_ioreq.o
                0x080098a4                USBH_CtlSendSetup
 .text.USBH_CtlSendData
                0x080098d8       0x4a ./Middlewares/ST/STM32_USB_Host_Library/Core/Src/usbh_ioreq.o
                0x080098d8                USBH_CtlSendData
 .text.USBH_CtlReceiveData
                0x08009922       0x3c ./Middlewares/ST/STM32_USB_Host_Library/Core/Src/usbh_ioreq.o
                0x08009922                USBH_CtlReceiveData
 .text.USBH_BulkSendData
                0x0800995e       0x4a ./Middlewares/ST/STM32_USB_Host_Library/Core/Src/usbh_ioreq.o
                0x0800995e                USBH_BulkSendData
 .text.USBH_BulkReceiveData
                0x080099a8       0x3c ./Middlewares/ST/STM32_USB_Host_Library/Core/Src/usbh_ioreq.o
                0x080099a8                USBH_BulkReceiveData
 .text.USBH_OpenPipe
                0x080099e4       0x3e ./Middlewares/ST/STM32_USB_Host_Library/Core/Src/usbh_pipes.o
                0x080099e4                USBH_OpenPipe
 .text.USBH_ClosePipe
                0x08009a22       0x20 ./Middlewares/ST/STM32_USB_Host_Library/Core/Src/usbh_pipes.o
                0x08009a22                USBH_ClosePipe
 .text.USBH_AllocPipe
                0x08009a42       0x42 ./Middlewares/ST/STM32_USB_Host_Library/Core/Src/usbh_pipes.o
                0x08009a42                USBH_AllocPipe
 .text.USBH_FreePipe
                0x08009a84       0x3c ./Middlewares/ST/STM32_USB_Host_Library/Core/Src/usbh_pipes.o
                0x08009a84                USBH_FreePipe
 .text.USBH_GetFreePipe
                0x08009ac0       0x48 ./Middlewares/ST/STM32_USB_Host_Library/Core/Src/usbh_pipes.o
 .text.disk_status
                0x08009b08       0x34 ./Middlewares/Third_Party/FatFs/src/diskio.o
                0x08009b08                disk_status
 .text.disk_initialize
                0x08009b3c       0x50 ./Middlewares/Third_Party/FatFs/src/diskio.o
                0x08009b3c                disk_initialize
 .text.disk_read
                0x08009b8c       0x40 ./Middlewares/Third_Party/FatFs/src/diskio.o
                0x08009b8c                disk_read
 .text.disk_write
                0x08009bcc       0x40 ./Middlewares/Third_Party/FatFs/src/diskio.o
                0x08009bcc                disk_write
 .text.disk_ioctl
                0x08009c0c       0x3c ./Middlewares/Third_Party/FatFs/src/diskio.o
                0x08009c0c                disk_ioctl
 .text.ld_word  0x08009c48       0x30 ./Middlewares/Third_Party/FatFs/src/ff.o
 .text.ld_dword
                0x08009c78       0x46 ./Middlewares/Third_Party/FatFs/src/ff.o
 .text.ld_qword
                0x08009cbe      0x1b6 ./Middlewares/Third_Party/FatFs/src/ff.o
 .text.st_word  0x08009e74       0x36 ./Middlewares/Third_Party/FatFs/src/ff.o
 .text.st_dword
                0x08009eaa       0x58 ./Middlewares/Third_Party/FatFs/src/ff.o
 .text.st_qword
                0x08009f02      0x110 ./Middlewares/Third_Party/FatFs/src/ff.o
 .text.mem_cpy  0x0800a012       0x42 ./Middlewares/Third_Party/FatFs/src/ff.o
 .text.mem_set  0x0800a054       0x36 ./Middlewares/Third_Party/FatFs/src/ff.o
 .text.mem_cmp  0x0800a08a       0x4e ./Middlewares/Third_Party/FatFs/src/ff.o
 .text.chk_chr  0x0800a0d8       0x36 ./Middlewares/Third_Party/FatFs/src/ff.o
 .text.lock_fs  0x0800a10e       0x2c ./Middlewares/Third_Party/FatFs/src/ff.o
 .text.unlock_fs
                0x0800a13a       0x36 ./Middlewares/Third_Party/FatFs/src/ff.o
 .text.chk_lock
                0x0800a170       0xb8 ./Middlewares/Third_Party/FatFs/src/ff.o
 .text.enq_lock
                0x0800a228       0x44 ./Middlewares/Third_Party/FatFs/src/ff.o
 .text.inc_lock
                0x0800a26c      0x11c ./Middlewares/Third_Party/FatFs/src/ff.o
 .text.dec_lock
                0x0800a388       0x78 ./Middlewares/Third_Party/FatFs/src/ff.o
 .text.clear_lock
                0x0800a400       0x48 ./Middlewares/Third_Party/FatFs/src/ff.o
 .text.sync_window
                0x0800a448       0x88 ./Middlewares/Third_Party/FatFs/src/ff.o
 .text.move_window
                0x0800a4d0       0x5a ./Middlewares/Third_Party/FatFs/src/ff.o
 *fill*         0x0800a52a        0x2 
 .text.sync_fs  0x0800a52c       0xe0 ./Middlewares/Third_Party/FatFs/src/ff.o
 .text.clust2sect
                0x0800a60c       0x3e ./Middlewares/Third_Party/FatFs/src/ff.o
 *fill*         0x0800a64a        0x2 
 .text.get_fat  0x0800a64c      0x2a8 ./Middlewares/Third_Party/FatFs/src/ff.o
 .text.put_fat  0x0800a8f4      0x23c ./Middlewares/Third_Party/FatFs/src/ff.o
 .text.find_bitmap
                0x0800ab30      0x10e ./Middlewares/Third_Party/FatFs/src/ff.o
 .text.change_bitmap
                0x0800ac3e       0xea ./Middlewares/Third_Party/FatFs/src/ff.o
 .text.fill_first_frag
                0x0800ad28       0x5e ./Middlewares/Third_Party/FatFs/src/ff.o
 .text.fill_last_frag
                0x0800ad86       0x62 ./Middlewares/Third_Party/FatFs/src/ff.o
 .text.remove_chain
                0x0800ade8      0x168 ./Middlewares/Third_Party/FatFs/src/ff.o
 .text.create_chain
                0x0800af50      0x202 ./Middlewares/Third_Party/FatFs/src/ff.o
 .text.clmt_clust
                0x0800b152       0x98 ./Middlewares/Third_Party/FatFs/src/ff.o
 .text.dir_sdi  0x0800b1ea      0x128 ./Middlewares/Third_Party/FatFs/src/ff.o
 .text.dir_next
                0x0800b312      0x1cc ./Middlewares/Third_Party/FatFs/src/ff.o
 .text.dir_alloc
                0x0800b4de       0xb8 ./Middlewares/Third_Party/FatFs/src/ff.o
 .text.ld_clust
                0x0800b596       0x3e ./Middlewares/Third_Party/FatFs/src/ff.o
 .text.st_clust
                0x0800b5d4       0x40 ./Middlewares/Third_Party/FatFs/src/ff.o
 .text.cmp_lfn  0x0800b614       0xe0 ./Middlewares/Third_Party/FatFs/src/ff.o
 .text.pick_lfn
                0x0800b6f4       0xc8 ./Middlewares/Third_Party/FatFs/src/ff.o
 .text.put_lfn  0x0800b7bc       0xd0 ./Middlewares/Third_Party/FatFs/src/ff.o
 .text.gen_numname
                0x0800b88c      0x11c ./Middlewares/Third_Party/FatFs/src/ff.o
 .text.sum_sfn  0x0800b9a8       0x42 ./Middlewares/Third_Party/FatFs/src/ff.o
 .text.xdir_sum
                0x0800b9ea       0x64 ./Middlewares/Third_Party/FatFs/src/ff.o
 .text.xname_sum
                0x0800ba4e       0x68 ./Middlewares/Third_Party/FatFs/src/ff.o
 .text.get_xdir_info
                0x0800bab6      0x104 ./Middlewares/Third_Party/FatFs/src/ff.o
 *fill*         0x0800bbba        0x2 
 .text.load_xdir
                0x0800bbbc      0x17c ./Middlewares/Third_Party/FatFs/src/ff.o
 .text.load_obj_dir
                0x0800bd38       0x6c ./Middlewares/Third_Party/FatFs/src/ff.o
 .text.store_xdir
                0x0800bda4       0xb6 ./Middlewares/Third_Party/FatFs/src/ff.o
 .text.create_xdir
                0x0800be5a       0xce ./Middlewares/Third_Party/FatFs/src/ff.o
 .text.dir_read
                0x0800bf28      0x18e ./Middlewares/Third_Party/FatFs/src/ff.o
 .text.dir_find
                0x0800c0b6      0x254 ./Middlewares/Third_Party/FatFs/src/ff.o
 *fill*         0x0800c30a        0x2 
 .text.dir_register
                0x0800c30c      0x354 ./Middlewares/Third_Party/FatFs/src/ff.o
 .text.get_fileinfo
                0x0800c660      0x1da ./Middlewares/Third_Party/FatFs/src/ff.o
 *fill*         0x0800c83a        0x2 
 .text.create_name
                0x0800c83c      0x370 ./Middlewares/Third_Party/FatFs/src/ff.o
 .text.follow_path
                0x0800cbac      0x15c ./Middlewares/Third_Party/FatFs/src/ff.o
 .text.get_ldnumber
                0x0800cd08       0x88 ./Middlewares/Third_Party/FatFs/src/ff.o
 .text.check_fs
                0x0800cd90       0xc8 ./Middlewares/Third_Party/FatFs/src/ff.o
 .text.find_volume
                0x0800ce58      0x730 ./Middlewares/Third_Party/FatFs/src/ff.o
 .text.validate
                0x0800d588       0x8e ./Middlewares/Third_Party/FatFs/src/ff.o
 *fill*         0x0800d616        0x2 
 .text.f_mount  0x0800d618       0xc8 ./Middlewares/Third_Party/FatFs/src/ff.o
                0x0800d618                f_mount
 .text.f_open   0x0800d6e0      0x832 ./Middlewares/Third_Party/FatFs/src/ff.o
                0x0800d6e0                f_open
 .text.f_write  0x0800df12      0x40c ./Middlewares/Third_Party/FatFs/src/ff.o
                0x0800df12                f_write
 .text.f_sync   0x0800e31e      0x36c ./Middlewares/Third_Party/FatFs/src/ff.o
                0x0800e31e                f_sync
 .text.f_close  0x0800e68a       0x5e ./Middlewares/Third_Party/FatFs/src/ff.o
                0x0800e68a                f_close
 .text.f_opendir
                0x0800e6e8      0x222 ./Middlewares/Third_Party/FatFs/src/ff.o
                0x0800e6e8                f_opendir
 .text.f_closedir
                0x0800e90a       0x56 ./Middlewares/Third_Party/FatFs/src/ff.o
                0x0800e90a                f_closedir
 .text.f_readdir
                0x0800e960      0x100 ./Middlewares/Third_Party/FatFs/src/ff.o
                0x0800e960                f_readdir
 .text.f_stat   0x0800ea60       0xc2 ./Middlewares/Third_Party/FatFs/src/ff.o
                0x0800ea60                f_stat
 .text.f_getfree
                0x0800eb22      0x21c ./Middlewares/Third_Party/FatFs/src/ff.o
                0x0800eb22                f_getfree
 .text.f_mkdir  0x0800ed3e      0x36e ./Middlewares/Third_Party/FatFs/src/ff.o
                0x0800ed3e                f_mkdir
 .text.FATFS_LinkDriverEx
                0x0800f0ac       0x98 ./Middlewares/Third_Party/FatFs/src/ff_gen_drv.o
                0x0800f0ac                FATFS_LinkDriverEx
 .text.FATFS_LinkDriver
                0x0800f144       0x1e ./Middlewares/Third_Party/FatFs/src/ff_gen_drv.o
                0x0800f144                FATFS_LinkDriver
 *fill*         0x0800f162        0x2 
 .text.ff_convert
                0x0800f164       0x78 ./Middlewares/Third_Party/FatFs/src/option/ccsbcs.o
                0x0800f164                ff_convert
 .text.ff_wtoupper
                0x0800f1dc      0x114 ./Middlewares/Third_Party/FatFs/src/option/ccsbcs.o
                0x0800f1dc                ff_wtoupper
 .text.ff_cre_syncobj
                0x0800f2f0       0x36 ./Middlewares/Third_Party/FatFs/src/option/syscall.o
                0x0800f2f0                ff_cre_syncobj
 .text.ff_del_syncobj
                0x0800f326       0x18 ./Middlewares/Third_Party/FatFs/src/option/syscall.o
                0x0800f326                ff_del_syncobj
 .text.ff_req_grant
                0x0800f33e       0x2a ./Middlewares/Third_Party/FatFs/src/option/syscall.o
                0x0800f33e                ff_req_grant
 .text.ff_rel_grant
                0x0800f368       0x16 ./Middlewares/Third_Party/FatFs/src/option/syscall.o
                0x0800f368                ff_rel_grant
 *fill*         0x0800f37e        0x2 
 .text.__NVIC_SetPriority
                0x0800f380       0x54 ./Middlewares/Third_Party/FreeRTOS/Source/CMSIS_RTOS_V2/cmsis_os2.o
 .text.SysTick_Handler
                0x0800f3d4       0x20 ./Middlewares/Third_Party/FreeRTOS/Source/CMSIS_RTOS_V2/cmsis_os2.o
                0x0800f3d4                SysTick_Handler
 .text.SVC_Setup
                0x0800f3f4       0x12 ./Middlewares/Third_Party/FreeRTOS/Source/CMSIS_RTOS_V2/cmsis_os2.o
 *fill*         0x0800f406        0x2 
 .text.osKernelInitialize
                0x0800f408       0x48 ./Middlewares/Third_Party/FreeRTOS/Source/CMSIS_RTOS_V2/cmsis_os2.o
                0x0800f408                osKernelInitialize
 .text.osKernelStart
                0x0800f450       0x4c ./Middlewares/Third_Party/FreeRTOS/Source/CMSIS_RTOS_V2/cmsis_os2.o
                0x0800f450                osKernelStart
 .text.osThreadNew
                0x0800f49c      0x124 ./Middlewares/Third_Party/FreeRTOS/Source/CMSIS_RTOS_V2/cmsis_os2.o
                0x0800f49c                osThreadNew
 .text.osSemaphoreNew
                0x0800f5c0      0x112 ./Middlewares/Third_Party/FreeRTOS/Source/CMSIS_RTOS_V2/cmsis_os2.o
                0x0800f5c0                osSemaphoreNew
 *fill*         0x0800f6d2        0x2 
 .text.osSemaphoreAcquire
                0x0800f6d4       0xa4 ./Middlewares/Third_Party/FreeRTOS/Source/CMSIS_RTOS_V2/cmsis_os2.o
                0x0800f6d4                osSemaphoreAcquire
 .text.osSemaphoreRelease
                0x0800f778       0x88 ./Middlewares/Third_Party/FreeRTOS/Source/CMSIS_RTOS_V2/cmsis_os2.o
                0x0800f778                osSemaphoreRelease
 .text.osSemaphoreDelete
                0x0800f800       0x48 ./Middlewares/Third_Party/FreeRTOS/Source/CMSIS_RTOS_V2/cmsis_os2.o
                0x0800f800                osSemaphoreDelete
 .text.osMessageQueueNew
                0x0800f848       0xe6 ./Middlewares/Third_Party/FreeRTOS/Source/CMSIS_RTOS_V2/cmsis_os2.o
                0x0800f848                osMessageQueueNew
 *fill*         0x0800f92e        0x2 
 .text.osMessageQueuePut
                0x0800f930       0xc0 ./Middlewares/Third_Party/FreeRTOS/Source/CMSIS_RTOS_V2/cmsis_os2.o
                0x0800f930                osMessageQueuePut
 .text.osMessageQueueGet
                0x0800f9f0       0xbc ./Middlewares/Third_Party/FreeRTOS/Source/CMSIS_RTOS_V2/cmsis_os2.o
                0x0800f9f0                osMessageQueueGet
 .text.vApplicationGetIdleTaskMemory
                0x0800faac       0x34 ./Middlewares/Third_Party/FreeRTOS/Source/CMSIS_RTOS_V2/cmsis_os2.o
                0x0800faac                vApplicationGetIdleTaskMemory
 .text.vApplicationGetTimerTaskMemory
                0x0800fae0       0x34 ./Middlewares/Third_Party/FreeRTOS/Source/CMSIS_RTOS_V2/cmsis_os2.o
                0x0800fae0                vApplicationGetTimerTaskMemory
 .text.vListInitialise
                0x0800fb14       0x40 ./Middlewares/Third_Party/FreeRTOS/Source/list.o
                0x0800fb14                vListInitialise
 .text.vListInitialiseItem
                0x0800fb54       0x1a ./Middlewares/Third_Party/FreeRTOS/Source/list.o
                0x0800fb54                vListInitialiseItem
 .text.vListInsertEnd
                0x0800fb6e       0x48 ./Middlewares/Third_Party/FreeRTOS/Source/list.o
                0x0800fb6e                vListInsertEnd
 .text.vListInsert
                0x0800fbb6       0x72 ./Middlewares/Third_Party/FreeRTOS/Source/list.o
                0x0800fbb6                vListInsert
 .text.uxListRemove
                0x0800fc28       0x54 ./Middlewares/Third_Party/FreeRTOS/Source/list.o
                0x0800fc28                uxListRemove
 .text.xQueueGenericReset
                0x0800fc7c       0xd4 ./Middlewares/Third_Party/FreeRTOS/Source/queue.o
                0x0800fc7c                xQueueGenericReset
 .text.xQueueGenericCreateStatic
                0x0800fd50       0xfa ./Middlewares/Third_Party/FreeRTOS/Source/queue.o
                0x0800fd50                xQueueGenericCreateStatic
 .text.xQueueGenericCreate
                0x0800fe4a       0x76 ./Middlewares/Third_Party/FreeRTOS/Source/queue.o
                0x0800fe4a                xQueueGenericCreate
 .text.prvInitialiseNewQueue
                0x0800fec0       0x46 ./Middlewares/Third_Party/FreeRTOS/Source/queue.o
 .text.xQueueCreateCountingSemaphoreStatic
                0x0800ff06       0x72 ./Middlewares/Third_Party/FreeRTOS/Source/queue.o
                0x0800ff06                xQueueCreateCountingSemaphoreStatic
 .text.xQueueCreateCountingSemaphore
                0x0800ff78       0x6a ./Middlewares/Third_Party/FreeRTOS/Source/queue.o
                0x0800ff78                xQueueCreateCountingSemaphore
 *fill*         0x0800ffe2        0x2 
 .text.xQueueGenericSend
                0x0800ffe4      0x204 ./Middlewares/Third_Party/FreeRTOS/Source/queue.o
                0x0800ffe4                xQueueGenericSend
 .text.xQueueGenericSendFromISR
                0x080101e8      0x13c ./Middlewares/Third_Party/FreeRTOS/Source/queue.o
                0x080101e8                xQueueGenericSendFromISR
 .text.xQueueGiveFromISR
                0x08010324      0x120 ./Middlewares/Third_Party/FreeRTOS/Source/queue.o
                0x08010324                xQueueGiveFromISR
 .text.xQueueReceive
                0x08010444      0x1c4 ./Middlewares/Third_Party/FreeRTOS/Source/queue.o
                0x08010444                xQueueReceive
 .text.xQueueSemaphoreTake
                0x08010608      0x220 ./Middlewares/Third_Party/FreeRTOS/Source/queue.o
                0x08010608                xQueueSemaphoreTake
 .text.xQueueReceiveFromISR
                0x08010828      0x104 ./Middlewares/Third_Party/FreeRTOS/Source/queue.o
                0x08010828                xQueueReceiveFromISR
 .text.vQueueDelete
                0x0801092c       0x48 ./Middlewares/Third_Party/FreeRTOS/Source/queue.o
                0x0801092c                vQueueDelete
 .text.prvGetDisinheritPriorityAfterTimeout
                0x08010974       0x30 ./Middlewares/Third_Party/FreeRTOS/Source/queue.o
 .text.prvCopyDataToQueue
                0x080109a4       0xd4 ./Middlewares/Third_Party/FreeRTOS/Source/queue.o
 .text.prvCopyDataFromQueue
                0x08010a78       0x4c ./Middlewares/Third_Party/FreeRTOS/Source/queue.o
 .text.prvUnlockQueue
                0x08010ac4       0xa4 ./Middlewares/Third_Party/FreeRTOS/Source/queue.o
 .text.prvIsQueueEmpty
                0x08010b68       0x2c ./Middlewares/Third_Party/FreeRTOS/Source/queue.o
 .text.prvIsQueueFull
                0x08010b94       0x30 ./Middlewares/Third_Party/FreeRTOS/Source/queue.o
 .text.vQueueAddToRegistry
                0x08010bc4       0x54 ./Middlewares/Third_Party/FreeRTOS/Source/queue.o
                0x08010bc4                vQueueAddToRegistry
 .text.vQueueUnregisterQueue
                0x08010c18       0x54 ./Middlewares/Third_Party/FreeRTOS/Source/queue.o
                0x08010c18                vQueueUnregisterQueue
 .text.vQueueWaitForMessageRestricted
                0x08010c6c       0x68 ./Middlewares/Third_Party/FreeRTOS/Source/queue.o
                0x08010c6c                vQueueWaitForMessageRestricted
 .text.xTaskCreateStatic
                0x08010cd4       0xc0 ./Middlewares/Third_Party/FreeRTOS/Source/tasks.o
                0x08010cd4                xTaskCreateStatic
 .text.xTaskCreate
                0x08010d94       0x8a ./Middlewares/Third_Party/FreeRTOS/Source/tasks.o
                0x08010d94                xTaskCreate
 .text.prvInitialiseNewTask
                0x08010e1e      0x120 ./Middlewares/Third_Party/FreeRTOS/Source/tasks.o
 *fill*         0x08010f3e        0x2 
 .text.prvAddNewTaskToReadyList
                0x08010f40       0xe0 ./Middlewares/Third_Party/FreeRTOS/Source/tasks.o
 .text.vTaskStartScheduler
                0x08011020       0xd0 ./Middlewares/Third_Party/FreeRTOS/Source/tasks.o
                0x08011020                vTaskStartScheduler
 .text.vTaskSuspendAll
                0x080110f0       0x1c ./Middlewares/Third_Party/FreeRTOS/Source/tasks.o
                0x080110f0                vTaskSuspendAll
 .text.xTaskResumeAll
                0x0801110c      0x13c ./Middlewares/Third_Party/FreeRTOS/Source/tasks.o
                0x0801110c                xTaskResumeAll
 .text.xTaskGetTickCount
                0x08011248       0x20 ./Middlewares/Third_Party/FreeRTOS/Source/tasks.o
                0x08011248                xTaskGetTickCount
 .text.xTaskIncrementTick
                0x08011268      0x174 ./Middlewares/Third_Party/FreeRTOS/Source/tasks.o
                0x08011268                xTaskIncrementTick
 .text.vTaskSwitchContext
                0x080113dc       0xbc ./Middlewares/Third_Party/FreeRTOS/Source/tasks.o
                0x080113dc                vTaskSwitchContext
 .text.vTaskPlaceOnEventList
                0x08011498       0x4c ./Middlewares/Third_Party/FreeRTOS/Source/tasks.o
                0x08011498                vTaskPlaceOnEventList
 .text.vTaskPlaceOnEventListRestricted
                0x080114e4       0x58 ./Middlewares/Third_Party/FreeRTOS/Source/tasks.o
                0x080114e4                vTaskPlaceOnEventListRestricted
 .text.xTaskRemoveFromEventList
                0x0801153c       0xc8 ./Middlewares/Third_Party/FreeRTOS/Source/tasks.o
                0x0801153c                xTaskRemoveFromEventList
 .text.vTaskInternalSetTimeOutState
                0x08011604       0x2c ./Middlewares/Third_Party/FreeRTOS/Source/tasks.o
                0x08011604                vTaskInternalSetTimeOutState
 .text.xTaskCheckForTimeOut
                0x08011630       0xc8 ./Middlewares/Third_Party/FreeRTOS/Source/tasks.o
                0x08011630                xTaskCheckForTimeOut
 .text.vTaskMissedYield
                0x080116f8       0x18 ./Middlewares/Third_Party/FreeRTOS/Source/tasks.o
                0x080116f8                vTaskMissedYield
 .text.prvIdleTask
                0x08011710       0x30 ./Middlewares/Third_Party/FreeRTOS/Source/tasks.o
 .text.prvInitialiseTaskLists
                0x08011740       0x80 ./Middlewares/Third_Party/FreeRTOS/Source/tasks.o
 .text.prvCheckTasksWaitingTermination
                0x080117c0       0x5c ./Middlewares/Third_Party/FreeRTOS/Source/tasks.o
 .text.prvDeleteTCB
                0x0801181c       0x60 ./Middlewares/Third_Party/FreeRTOS/Source/tasks.o
 .text.prvResetNextTaskUnblockTime
                0x0801187c       0x40 ./Middlewares/Third_Party/FreeRTOS/Source/tasks.o
 .text.xTaskGetSchedulerState
                0x080118bc       0x3c ./Middlewares/Third_Party/FreeRTOS/Source/tasks.o
                0x080118bc                xTaskGetSchedulerState
 .text.xTaskPriorityInherit
                0x080118f8       0xd0 ./Middlewares/Third_Party/FreeRTOS/Source/tasks.o
                0x080118f8                xTaskPriorityInherit
 .text.xTaskPriorityDisinherit
                0x080119c8       0xe0 ./Middlewares/Third_Party/FreeRTOS/Source/tasks.o
                0x080119c8                xTaskPriorityDisinherit
 .text.vTaskPriorityDisinheritAfterTimeout
                0x08011aa8      0x108 ./Middlewares/Third_Party/FreeRTOS/Source/tasks.o
                0x08011aa8                vTaskPriorityDisinheritAfterTimeout
 .text.pvTaskIncrementMutexHeldCount
                0x08011bb0       0x28 ./Middlewares/Third_Party/FreeRTOS/Source/tasks.o
                0x08011bb0                pvTaskIncrementMutexHeldCount
 .text.prvAddCurrentTaskToDelayedList
                0x08011bd8       0xa8 ./Middlewares/Third_Party/FreeRTOS/Source/tasks.o
 .text.xTimerCreateTimerTask
                0x08011c80       0x94 ./Middlewares/Third_Party/FreeRTOS/Source/timers.o
                0x08011c80                xTimerCreateTimerTask
 .text.xTimerGenericCommand
                0x08011d14       0x9c ./Middlewares/Third_Party/FreeRTOS/Source/timers.o
                0x08011d14                xTimerGenericCommand
 .text.prvProcessExpiredTimer
                0x08011db0       0x9c ./Middlewares/Third_Party/FreeRTOS/Source/timers.o
 .text.prvTimerTask
                0x08011e4c       0x26 ./Middlewares/Third_Party/FreeRTOS/Source/timers.o
 *fill*         0x08011e72        0x2 
 .text.prvProcessTimerOrBlockTask
                0x08011e74       0x9c ./Middlewares/Third_Party/FreeRTOS/Source/timers.o
 .text.prvGetNextExpireTime
                0x08011f10       0x48 ./Middlewares/Third_Party/FreeRTOS/Source/timers.o
 .text.prvSampleTimeNow
                0x08011f58       0x40 ./Middlewares/Third_Party/FreeRTOS/Source/timers.o
 .text.prvInsertTimerInActiveList
                0x08011f98       0x84 ./Middlewares/Third_Party/FreeRTOS/Source/timers.o
 .text.prvProcessReceivedCommands
                0x0801201c      0x1cc ./Middlewares/Third_Party/FreeRTOS/Source/timers.o
 .text.prvSwitchTimerLists
                0x080121e8       0xcc ./Middlewares/Third_Party/FreeRTOS/Source/timers.o
 .text.prvCheckForValidListAndQueue
                0x080122b4       0x80 ./Middlewares/Third_Party/FreeRTOS/Source/timers.o
 .text.pxPortInitialiseStack
                0x08012334       0x68 ./Middlewares/Third_Party/FreeRTOS/Source/portable/GCC/ARM_CM4F/port.o
                0x08012334                pxPortInitialiseStack
 .text.prvTaskExitError
                0x0801239c       0x5c ./Middlewares/Third_Party/FreeRTOS/Source/portable/GCC/ARM_CM4F/port.o
 *fill*         0x080123f8        0x8 
 .text.SVC_Handler
                0x08012400       0x28 ./Middlewares/Third_Party/FreeRTOS/Source/portable/GCC/ARM_CM4F/port.o
                0x08012400                SVC_Handler
 .text.prvPortStartFirstTask
                0x08012428       0x28 ./Middlewares/Third_Party/FreeRTOS/Source/portable/GCC/ARM_CM4F/port.o
 .text.xPortStartScheduler
                0x08012450      0x148 ./Middlewares/Third_Party/FreeRTOS/Source/portable/GCC/ARM_CM4F/port.o
                0x08012450                xPortStartScheduler
 .text.vPortEnterCritical
                0x08012598       0x64 ./Middlewares/Third_Party/FreeRTOS/Source/portable/GCC/ARM_CM4F/port.o
                0x08012598                vPortEnterCritical
 .text.vPortExitCritical
                0x080125fc       0x54 ./Middlewares/Third_Party/FreeRTOS/Source/portable/GCC/ARM_CM4F/port.o
                0x080125fc                vPortExitCritical
 .text.PendSV_Handler
                0x08012650       0x68 ./Middlewares/Third_Party/FreeRTOS/Source/portable/GCC/ARM_CM4F/port.o
                0x08012650                PendSV_Handler
 .text.xPortSysTickHandler
                0x080126b8       0x44 ./Middlewares/Third_Party/FreeRTOS/Source/portable/GCC/ARM_CM4F/port.o
                0x080126b8                xPortSysTickHandler
 .text.vPortSetupTimerInterrupt
                0x080126fc       0x48 ./Middlewares/Third_Party/FreeRTOS/Source/portable/GCC/ARM_CM4F/port.o
                0x080126fc                vPortSetupTimerInterrupt
 .text.vPortEnableVFP
                0x08012744       0x14 ./Middlewares/Third_Party/FreeRTOS/Source/portable/GCC/ARM_CM4F/port.o
 .text.vPortValidateInterruptPriority
                0x08012758       0x84 ./Middlewares/Third_Party/FreeRTOS/Source/portable/GCC/ARM_CM4F/port.o
                0x08012758                vPortValidateInterruptPriority
 .text.pvPortMalloc
                0x080127dc      0x19c ./Middlewares/Third_Party/FreeRTOS/Source/portable/MemMang/heap_4.o
                0x080127dc                pvPortMalloc
 .text.vPortFree
                0x08012978       0xc8 ./Middlewares/Third_Party/FreeRTOS/Source/portable/MemMang/heap_4.o
                0x08012978                vPortFree
 .text.prvHeapInit
                0x08012a40       0xc4 ./Middlewares/Third_Party/FreeRTOS/Source/portable/MemMang/heap_4.o
 .text.prvInsertBlockIntoFreeList
                0x08012b04       0xb4 ./Middlewares/Third_Party/FreeRTOS/Source/portable/MemMang/heap_4.o
 .text.MX_USB_HOST_Init
                0x08012bb8       0x4c ./USB_HOST/App/usb_host.o
                0x08012bb8                MX_USB_HOST_Init
 .text.USBH_UserProcess
                0x08012c04       0x70 ./USB_HOST/App/usb_host.o
 .text.HAL_HCD_MspInit
                0x08012c74       0xc4 ./USB_HOST/Target/usbh_conf.o
                0x08012c74                HAL_HCD_MspInit
 .text.HAL_HCD_SOF_Callback
                0x08012d38       0x1c ./USB_HOST/Target/usbh_conf.o
                0x08012d38                HAL_HCD_SOF_Callback
 .text.HAL_HCD_Connect_Callback
                0x08012d54       0x1c ./USB_HOST/Target/usbh_conf.o
                0x08012d54                HAL_HCD_Connect_Callback
 .text.HAL_HCD_Disconnect_Callback
                0x08012d70       0x1c ./USB_HOST/Target/usbh_conf.o
                0x08012d70                HAL_HCD_Disconnect_Callback
 .text.HAL_HCD_HC_NotifyURBChange_Callback
                0x08012d8c       0x24 ./USB_HOST/Target/usbh_conf.o
                0x08012d8c                HAL_HCD_HC_NotifyURBChange_Callback
 .text.HAL_HCD_PortEnabled_Callback
                0x08012db0       0x1c ./USB_HOST/Target/usbh_conf.o
                0x08012db0                HAL_HCD_PortEnabled_Callback
 .text.HAL_HCD_PortDisabled_Callback
                0x08012dcc       0x1c ./USB_HOST/Target/usbh_conf.o
                0x08012dcc                HAL_HCD_PortDisabled_Callback
 .text.USBH_LL_Init
                0x08012de8       0x78 ./USB_HOST/Target/usbh_conf.o
                0x08012de8                USBH_LL_Init
 .text.USBH_LL_Start
                0x08012e60       0x36 ./USB_HOST/Target/usbh_conf.o
                0x08012e60                USBH_LL_Start
 .text.USBH_LL_Stop
                0x08012e96       0x36 ./USB_HOST/Target/usbh_conf.o
                0x08012e96                USBH_LL_Stop
 .text.USBH_LL_GetSpeed
                0x08012ecc       0x4e ./USB_HOST/Target/usbh_conf.o
                0x08012ecc                USBH_LL_GetSpeed
 .text.USBH_LL_ResetPort
                0x08012f1a       0x36 ./USB_HOST/Target/usbh_conf.o
                0x08012f1a                USBH_LL_ResetPort
 .text.USBH_LL_GetLastXferSize
                0x08012f50       0x26 ./USB_HOST/Target/usbh_conf.o
                0x08012f50                USBH_LL_GetLastXferSize
 .text.USBH_LL_OpenPipe
                0x08012f76       0x5e ./USB_HOST/Target/usbh_conf.o
                0x08012f76                USBH_LL_OpenPipe
 .text.USBH_LL_ClosePipe
                0x08012fd4       0x3e ./USB_HOST/Target/usbh_conf.o
                0x08012fd4                USBH_LL_ClosePipe
 .text.USBH_LL_SubmitURB
                0x08013012       0x62 ./USB_HOST/Target/usbh_conf.o
                0x08013012                USBH_LL_SubmitURB
 .text.USBH_LL_GetURBState
                0x08013074       0x26 ./USB_HOST/Target/usbh_conf.o
                0x08013074                USBH_LL_GetURBState
 .text.USBH_LL_DriverVBUS
                0x0801309a       0x1c ./USB_HOST/Target/usbh_conf.o
                0x0801309a                USBH_LL_DriverVBUS
 .text.USBH_LL_SetToggle
                0x080130b6       0x66 ./USB_HOST/Target/usbh_conf.o
                0x080130b6                USBH_LL_SetToggle
 .text.USBH_LL_GetToggle
                0x0801311c       0x66 ./USB_HOST/Target/usbh_conf.o
                0x0801311c                USBH_LL_GetToggle
 .text.USBH_Delay
                0x08013182       0x16 ./USB_HOST/Target/usbh_conf.o
                0x08013182                USBH_Delay
 .text.USBH_Get_USB_Status
                0x08013198       0x58 ./USB_HOST/Target/usbh_conf.o
                0x08013198                USBH_Get_USB_Status
 .text.malloc   0x080131f0       0x10 C:/ST/STM32CubeIDE_1.13.1/STM32CubeIDE/plugins/com.st.stm32cube.ide.mcu.externaltools.gnu-tools-for-stm32.12.3.rel1.win32_1.0.100.202403111256/tools/bin/../lib/gcc/arm-none-eabi/12.3.1/../../../../arm-none-eabi/lib/thumb/v7e-m+fp/hard\libc_nano.a(libc_a-malloc.o)
                0x080131f0                malloc
 .text.free     0x08013200       0x10 C:/ST/STM32CubeIDE_1.13.1/STM32CubeIDE/plugins/com.st.stm32cube.ide.mcu.externaltools.gnu-tools-for-stm32.12.3.rel1.win32_1.0.100.202403111256/tools/bin/../lib/gcc/arm-none-eabi/12.3.1/../../../../arm-none-eabi/lib/thumb/v7e-m+fp/hard\libc_nano.a(libc_a-malloc.o)
                0x08013200                free
 .text.sbrk_aligned
                0x08013210       0x44 C:/ST/STM32CubeIDE_1.13.1/STM32CubeIDE/plugins/com.st.stm32cube.ide.mcu.externaltools.gnu-tools-for-stm32.12.3.rel1.win32_1.0.100.202403111256/tools/bin/../lib/gcc/arm-none-eabi/12.3.1/../../../../arm-none-eabi/lib/thumb/v7e-m+fp/hard\libc_nano.a(libc_a-mallocr.o)
 .text._malloc_r
                0x08013254      0x100 C:/ST/STM32CubeIDE_1.13.1/STM32CubeIDE/plugins/com.st.stm32cube.ide.mcu.externaltools.gnu-tools-for-stm32.12.3.rel1.win32_1.0.100.202403111256/tools/bin/../lib/gcc/arm-none-eabi/12.3.1/../../../../arm-none-eabi/lib/thumb/v7e-m+fp/hard\libc_nano.a(libc_a-mallocr.o)
                0x08013254                _malloc_r
 .text.__malloc_lock
                0x08013354        0xc C:/ST/STM32CubeIDE_1.13.1/STM32CubeIDE/plugins/com.st.stm32cube.ide.mcu.externaltools.gnu-tools-for-stm32.12.3.rel1.win32_1.0.100.202403111256/tools/bin/../lib/gcc/arm-none-eabi/12.3.1/../../../../arm-none-eabi/lib/thumb/v7e-m+fp/hard\libc_nano.a(libc_a-mlock.o)
                0x08013354                __malloc_lock
 .text.__malloc_unlock
                0x08013360        0xc C:/ST/STM32CubeIDE_1.13.1/STM32CubeIDE/plugins/com.st.stm32cube.ide.mcu.externaltools.gnu-tools-for-stm32.12.3.rel1.win32_1.0.100.202403111256/tools/bin/../lib/gcc/arm-none-eabi/12.3.1/../../../../arm-none-eabi/lib/thumb/v7e-m+fp/hard\libc_nano.a(libc_a-mlock.o)
                0x08013360                __malloc_unlock
 .text.sprintf  0x0801336c       0x40 C:/ST/STM32CubeIDE_1.13.1/STM32CubeIDE/plugins/com.st.stm32cube.ide.mcu.externaltools.gnu-tools-for-stm32.12.3.rel1.win32_1.0.100.202403111256/tools/bin/../lib/gcc/arm-none-eabi/12.3.1/../../../../arm-none-eabi/lib/thumb/v7e-m+fp/hard\libc_nano.a(libc_a-sprintf.o)
                0x0801336c                siprintf
                0x0801336c                sprintf
 .text.memset   0x080133ac       0x10 C:/ST/STM32CubeIDE_1.13.1/STM32CubeIDE/plugins/com.st.stm32cube.ide.mcu.externaltools.gnu-tools-for-stm32.12.3.rel1.win32_1.0.100.202403111256/tools/bin/../lib/gcc/arm-none-eabi/12.3.1/../../../../arm-none-eabi/lib/thumb/v7e-m+fp/hard\libc_nano.a(libc_a-memset.o)
                0x080133ac                memset
 .text._sbrk_r  0x080133bc       0x20 C:/ST/STM32CubeIDE_1.13.1/STM32CubeIDE/plugins/com.st.stm32cube.ide.mcu.externaltools.gnu-tools-for-stm32.12.3.rel1.win32_1.0.100.202403111256/tools/bin/../lib/gcc/arm-none-eabi/12.3.1/../../../../arm-none-eabi/lib/thumb/v7e-m+fp/hard\libc_nano.a(libc_a-sbrkr.o)
                0x080133bc                _sbrk_r
 .text.__errno  0x080133dc        0xc C:/ST/STM32CubeIDE_1.13.1/STM32CubeIDE/plugins/com.st.stm32cube.ide.mcu.externaltools.gnu-tools-for-stm32.12.3.rel1.win32_1.0.100.202403111256/tools/bin/../lib/gcc/arm-none-eabi/12.3.1/../../../../arm-none-eabi/lib/thumb/v7e-m+fp/hard\libc_nano.a(libc_a-errno.o)
                0x080133dc                __errno
 .text.__libc_init_array
                0x080133e8       0x48 C:/ST/STM32CubeIDE_1.13.1/STM32CubeIDE/plugins/com.st.stm32cube.ide.mcu.externaltools.gnu-tools-for-stm32.12.3.rel1.win32_1.0.100.202403111256/tools/bin/../lib/gcc/arm-none-eabi/12.3.1/../../../../arm-none-eabi/lib/thumb/v7e-m+fp/hard\libc_nano.a(libc_a-init.o)
                0x080133e8                __libc_init_array
 .text.__retarget_lock_acquire_recursive
                0x08013430        0x2 C:/ST/STM32CubeIDE_1.13.1/STM32CubeIDE/plugins/com.st.stm32cube.ide.mcu.externaltools.gnu-tools-for-stm32.12.3.rel1.win32_1.0.100.202403111256/tools/bin/../lib/gcc/arm-none-eabi/12.3.1/../../../../arm-none-eabi/lib/thumb/v7e-m+fp/hard\libc_nano.a(libc_a-lock.o)
                0x08013430                __retarget_lock_acquire_recursive
 .text.__retarget_lock_release_recursive
                0x08013432        0x2 C:/ST/STM32CubeIDE_1.13.1/STM32CubeIDE/plugins/com.st.stm32cube.ide.mcu.externaltools.gnu-tools-for-stm32.12.3.rel1.win32_1.0.100.202403111256/tools/bin/../lib/gcc/arm-none-eabi/12.3.1/../../../../arm-none-eabi/lib/thumb/v7e-m+fp/hard\libc_nano.a(libc_a-lock.o)
                0x08013432                __retarget_lock_release_recursive
 .text.memcpy   0x08013434       0x1c C:/ST/STM32CubeIDE_1.13.1/STM32CubeIDE/plugins/com.st.stm32cube.ide.mcu.externaltools.gnu-tools-for-stm32.12.3.rel1.win32_1.0.100.202403111256/tools/bin/../lib/gcc/arm-none-eabi/12.3.1/../../../../arm-none-eabi/lib/thumb/v7e-m+fp/hard\libc_nano.a(libc_a-memcpy-stub.o)
                0x08013434                memcpy
 .text._free_r  0x08013450       0x94 C:/ST/STM32CubeIDE_1.13.1/STM32CubeIDE/plugins/com.st.stm32cube.ide.mcu.externaltools.gnu-tools-for-stm32.12.3.rel1.win32_1.0.100.202403111256/tools/bin/../lib/gcc/arm-none-eabi/12.3.1/../../../../arm-none-eabi/lib/thumb/v7e-m+fp/hard\libc_nano.a(libc_a-freer.o)
                0x08013450                _free_r
 .text.__ssputs_r
                0x080134e4       0xb6 C:/ST/STM32CubeIDE_1.13.1/STM32CubeIDE/plugins/com.st.stm32cube.ide.mcu.externaltools.gnu-tools-for-stm32.12.3.rel1.win32_1.0.100.202403111256/tools/bin/../lib/gcc/arm-none-eabi/12.3.1/../../../../arm-none-eabi/lib/thumb/v7e-m+fp/hard\libc_nano.a(libc_a-nano-svfprintf.o)
                0x080134e4                __ssputs_r
 *fill*         0x0801359a        0x2 
 .text._svfprintf_r
                0x0801359c      0x1f8 C:/ST/STM32CubeIDE_1.13.1/STM32CubeIDE/plugins/com.st.stm32cube.ide.mcu.externaltools.gnu-tools-for-stm32.12.3.rel1.win32_1.0.100.202403111256/tools/bin/../lib/gcc/arm-none-eabi/12.3.1/../../../../arm-none-eabi/lib/thumb/v7e-m+fp/hard\libc_nano.a(libc_a-nano-svfprintf.o)
                0x0801359c                _svfiprintf_r
                0x0801359c                _svfprintf_r
 .text._printf_common
                0x08013794       0xda C:/ST/STM32CubeIDE_1.13.1/STM32CubeIDE/plugins/com.st.stm32cube.ide.mcu.externaltools.gnu-tools-for-stm32.12.3.rel1.win32_1.0.100.202403111256/tools/bin/../lib/gcc/arm-none-eabi/12.3.1/../../../../arm-none-eabi/lib/thumb/v7e-m+fp/hard\libc_nano.a(libc_a-nano-vfprintf_i.o)
                0x08013794                _printf_common
 *fill*         0x0801386e        0x2 
 .text._printf_i
                0x08013870      0x240 C:/ST/STM32CubeIDE_1.13.1/STM32CubeIDE/plugins/com.st.stm32cube.ide.mcu.externaltools.gnu-tools-for-stm32.12.3.rel1.win32_1.0.100.202403111256/tools/bin/../lib/gcc/arm-none-eabi/12.3.1/../../../../arm-none-eabi/lib/thumb/v7e-m+fp/hard\libc_nano.a(libc_a-nano-vfprintf_i.o)
                0x08013870                _printf_i
 .text.memmove  0x08013ab0       0x34 C:/ST/STM32CubeIDE_1.13.1/STM32CubeIDE/plugins/com.st.stm32cube.ide.mcu.externaltools.gnu-tools-for-stm32.12.3.rel1.win32_1.0.100.202403111256/tools/bin/../lib/gcc/arm-none-eabi/12.3.1/../../../../arm-none-eabi/lib/thumb/v7e-m+fp/hard\libc_nano.a(libc_a-memmove.o)
                0x08013ab0                memmove
 .text._realloc_r
                0x08013ae4       0x5c C:/ST/STM32CubeIDE_1.13.1/STM32CubeIDE/plugins/com.st.stm32cube.ide.mcu.externaltools.gnu-tools-for-stm32.12.3.rel1.win32_1.0.100.202403111256/tools/bin/../lib/gcc/arm-none-eabi/12.3.1/../../../../arm-none-eabi/lib/thumb/v7e-m+fp/hard\libc_nano.a(libc_a-reallocr.o)
                0x08013ae4                _realloc_r
 .text._malloc_usable_size_r
                0x08013b40       0x10 C:/ST/STM32CubeIDE_1.13.1/STM32CubeIDE/plugins/com.st.stm32cube.ide.mcu.externaltools.gnu-tools-for-stm32.12.3.rel1.win32_1.0.100.202403111256/tools/bin/../lib/gcc/arm-none-eabi/12.3.1/../../../../arm-none-eabi/lib/thumb/v7e-m+fp/hard\libc_nano.a(libc_a-msizer.o)
                0x08013b40                _malloc_usable_size_r
 *(.glue_7)
 .glue_7        0x08013b50        0x0 linker stubs
 *(.glue_7t)
 .glue_7t       0x08013b50        0x0 linker stubs
 *(.eh_frame)
 .eh_frame      0x08013b50        0x0 C:/ST/STM32CubeIDE_1.13.1/STM32CubeIDE/plugins/com.st.stm32cube.ide.mcu.externaltools.gnu-tools-for-stm32.12.3.rel1.win32_1.0.100.202403111256/tools/bin/../lib/gcc/arm-none-eabi/12.3.1/thumb/v7e-m+fp/hard/crtbegin.o
 *(.init)
 .init          0x08013b50        0x4 C:/ST/STM32CubeIDE_1.13.1/STM32CubeIDE/plugins/com.st.stm32cube.ide.mcu.externaltools.gnu-tools-for-stm32.12.3.rel1.win32_1.0.100.202403111256/tools/bin/../lib/gcc/arm-none-eabi/12.3.1/thumb/v7e-m+fp/hard/crti.o
                0x08013b50                _init
 .init          0x08013b54        0x8 C:/ST/STM32CubeIDE_1.13.1/STM32CubeIDE/plugins/com.st.stm32cube.ide.mcu.externaltools.gnu-tools-for-stm32.12.3.rel1.win32_1.0.100.202403111256/tools/bin/../lib/gcc/arm-none-eabi/12.3.1/thumb/v7e-m+fp/hard/crtn.o
 *(.fini)
 .fini          0x08013b5c        0x4 C:/ST/STM32CubeIDE_1.13.1/STM32CubeIDE/plugins/com.st.stm32cube.ide.mcu.externaltools.gnu-tools-for-stm32.12.3.rel1.win32_1.0.100.202403111256/tools/bin/../lib/gcc/arm-none-eabi/12.3.1/thumb/v7e-m+fp/hard/crti.o
                0x08013b5c                _fini
 .fini          0x08013b60        0x8 C:/ST/STM32CubeIDE_1.13.1/STM32CubeIDE/plugins/com.st.stm32cube.ide.mcu.externaltools.gnu-tools-for-stm32.12.3.rel1.win32_1.0.100.202403111256/tools/bin/../lib/gcc/arm-none-eabi/12.3.1/thumb/v7e-m+fp/hard/crtn.o
                0x08013b68                        . = ALIGN (0x4)
                0x08013b68                        _etext = .

.vfp11_veneer   0x08013b68        0x0
 .vfp11_veneer  0x08013b68        0x0 linker stubs

.v4_bx          0x08013b68        0x0
 .v4_bx         0x08013b68        0x0 linker stubs

.iplt           0x08013b68        0x0
 .iplt          0x08013b68        0x0 C:/ST/STM32CubeIDE_1.13.1/STM32CubeIDE/plugins/com.st.stm32cube.ide.mcu.externaltools.gnu-tools-for-stm32.12.3.rel1.win32_1.0.100.202403111256/tools/bin/../lib/gcc/arm-none-eabi/12.3.1/thumb/v7e-m+fp/hard/crtbegin.o

.rodata         0x08013b68      0xb44
                0x08013b68                        . = ALIGN (0x4)
 *(.rodata)
 .rodata        0x08013b68      0x4ae ./Core/Src/File_Handling.o
 *fill*         0x08014016        0x2 
 .rodata        0x08014018      0x153 ./Core/Src/main.o
 *fill*         0x0801416b        0x1 
 .rodata        0x0801416c        0x4 ./Middlewares/ST/STM32_USB_Host_Library/Class/MSC/Src/usbh_msc.o
 .rodata        0x08014170        0xb ./Middlewares/ST/STM32_USB_Host_Library/Core/Src/usbh_core.o
 *fill*         0x0801417b        0x1 
 .rodata        0x0801417c       0x54 ./Middlewares/Third_Party/FatFs/src/ff.o
 .rodata        0x080141d0        0x5 ./Middlewares/Third_Party/FreeRTOS/Source/tasks.o
 *fill*         0x080141d5        0x3 
 .rodata        0x080141d8        0xd ./Middlewares/Third_Party/FreeRTOS/Source/timers.o
 *(.rodata*)
 *fill*         0x080141e5        0x3 
 .rodata.defaultTask_attributes
                0x080141e8       0x24 ./Core/Src/main.o
                0x080141e8                defaultTask_attributes
 .rodata.AHBPrescTable
                0x0801420c       0x10 ./Core/Src/system_stm32f4xx.o
                0x0801420c                AHBPrescTable
 .rodata.APBPrescTable
                0x0801421c        0x8 ./Core/Src/system_stm32f4xx.o
                0x0801421c                APBPrescTable
 .rodata.USBH_Driver
                0x08014224       0x14 ./FATFS/Target/usbh_diskio.o
                0x08014224                USBH_Driver
 .rodata.ExCvt  0x08014238       0x80 ./Middlewares/Third_Party/FatFs/src/ff.o
 .rodata.LfnOfs
                0x080142b8        0xd ./Middlewares/Third_Party/FatFs/src/ff.o
 *fill*         0x080142c5        0x3 
 .rodata.Tbl    0x080142c8      0x100 ./Middlewares/Third_Party/FatFs/src/option/ccsbcs.o
 .rodata.cvt1.1
                0x080143c8      0x1f2 ./Middlewares/Third_Party/FatFs/src/option/ccsbcs.o
 *fill*         0x080145ba        0x2 
 .rodata.cvt2.0
                0x080145bc       0xbc ./Middlewares/Third_Party/FatFs/src/option/ccsbcs.o
 .rodata._svfprintf_r.str1.1
                0x08014678       0x11 C:/ST/STM32CubeIDE_1.13.1/STM32CubeIDE/plugins/com.st.stm32cube.ide.mcu.externaltools.gnu-tools-for-stm32.12.3.rel1.win32_1.0.100.202403111256/tools/bin/../lib/gcc/arm-none-eabi/12.3.1/../../../../arm-none-eabi/lib/thumb/v7e-m+fp/hard\libc_nano.a(libc_a-nano-svfprintf.o)
 .rodata._printf_i.str1.1
                0x08014689       0x22 C:/ST/STM32CubeIDE_1.13.1/STM32CubeIDE/plugins/com.st.stm32cube.ide.mcu.externaltools.gnu-tools-for-stm32.12.3.rel1.win32_1.0.100.202403111256/tools/bin/../lib/gcc/arm-none-eabi/12.3.1/../../../../arm-none-eabi/lib/thumb/v7e-m+fp/hard\libc_nano.a(libc_a-nano-vfprintf_i.o)
                0x080146ac                        . = ALIGN (0x4)
 *fill*         0x080146ab        0x1 

.ARM.extab      0x080146ac        0x0
                0x080146ac                        . = ALIGN (0x4)
 *(.ARM.extab* .gnu.linkonce.armextab.*)
                0x080146ac                        . = ALIGN (0x4)

.ARM            0x080146ac        0x8
                0x080146ac                        . = ALIGN (0x4)
                0x080146ac                        __exidx_start = .
 *(.ARM.exidx*)
 .ARM.exidx     0x080146ac        0x8 C:/ST/STM32CubeIDE_1.13.1/STM32CubeIDE/plugins/com.st.stm32cube.ide.mcu.externaltools.gnu-tools-for-stm32.12.3.rel1.win32_1.0.100.202403111256/tools/bin/../lib/gcc/arm-none-eabi/12.3.1/../../../../arm-none-eabi/lib/thumb/v7e-m+fp/hard\libc_nano.a(libc_a-strcmp.o)
 .ARM.exidx     0x080146b4        0x0 C:/ST/STM32CubeIDE_1.13.1/STM32CubeIDE/plugins/com.st.stm32cube.ide.mcu.externaltools.gnu-tools-for-stm32.12.3.rel1.win32_1.0.100.202403111256/tools/bin/../lib/gcc/arm-none-eabi/12.3.1/../../../../arm-none-eabi/lib/thumb/v7e-m+fp/hard\libc_nano.a(libc_a-strlen.o)
                                  0x8 (size before relaxing)
 .ARM.exidx     0x080146b4        0x0 C:/ST/STM32CubeIDE_1.13.1/STM32CubeIDE/plugins/com.st.stm32cube.ide.mcu.externaltools.gnu-tools-for-stm32.12.3.rel1.win32_1.0.100.202403111256/tools/bin/../lib/gcc/arm-none-eabi/12.3.1/../../../../arm-none-eabi/lib/thumb/v7e-m+fp/hard\libc_nano.a(libc_a-memchr.o)
                                  0x8 (size before relaxing)
 .ARM.exidx     0x080146b4        0x0 C:/ST/STM32CubeIDE_1.13.1/STM32CubeIDE/plugins/com.st.stm32cube.ide.mcu.externaltools.gnu-tools-for-stm32.12.3.rel1.win32_1.0.100.202403111256/tools/bin/../lib/gcc/arm-none-eabi/12.3.1/thumb/v7e-m+fp/hard\libgcc.a(_udivmoddi4.o)
                                  0x8 (size before relaxing)
                0x080146b4                        __exidx_end = .
                0x080146b4                        . = ALIGN (0x4)

.preinit_array  0x080146b4        0x0
                0x080146b4                        . = ALIGN (0x4)
                0x080146b4                        PROVIDE (__preinit_array_start = .)
 *(.preinit_array*)
                0x080146b4                        PROVIDE (__preinit_array_end = .)
                0x080146b4                        . = ALIGN (0x4)

.init_array     0x080146b4        0x4
                0x080146b4                        . = ALIGN (0x4)
                0x080146b4                        PROVIDE (__init_array_start = .)
 *(SORT_BY_NAME(.init_array.*))
 *(.init_array*)
 .init_array    0x080146b4        0x4 C:/ST/STM32CubeIDE_1.13.1/STM32CubeIDE/plugins/com.st.stm32cube.ide.mcu.externaltools.gnu-tools-for-stm32.12.3.rel1.win32_1.0.100.202403111256/tools/bin/../lib/gcc/arm-none-eabi/12.3.1/thumb/v7e-m+fp/hard/crtbegin.o
                0x080146b8                        PROVIDE (__init_array_end = .)
                0x080146b8                        . = ALIGN (0x4)

.fini_array     0x080146b8        0x4
                0x080146b8                        . = ALIGN (0x4)
                [!provide]                        PROVIDE (__fini_array_start = .)
 *(SORT_BY_NAME(.fini_array.*))
 *(.fini_array*)
 .fini_array    0x080146b8        0x4 C:/ST/STM32CubeIDE_1.13.1/STM32CubeIDE/plugins/com.st.stm32cube.ide.mcu.externaltools.gnu-tools-for-stm32.12.3.rel1.win32_1.0.100.202403111256/tools/bin/../lib/gcc/arm-none-eabi/12.3.1/thumb/v7e-m+fp/hard/crtbegin.o
                [!provide]                        PROVIDE (__fini_array_end = .)
                0x080146bc                        . = ALIGN (0x4)
                0x080146bc                        _sidata = LOADADDR (.data)

.rel.dyn        0x080146bc        0x0
 .rel.iplt      0x080146bc        0x0 C:/ST/STM32CubeIDE_1.13.1/STM32CubeIDE/plugins/com.st.stm32cube.ide.mcu.externaltools.gnu-tools-for-stm32.12.3.rel1.win32_1.0.100.202403111256/tools/bin/../lib/gcc/arm-none-eabi/12.3.1/thumb/v7e-m+fp/hard/crtbegin.o

.data           0x20000000       0x80 load address 0x080146bc
                0x20000000                        . = ALIGN (0x4)
                0x20000000                        _sdata = .
 *(.data)
 *(.data*)
 .data.SystemCoreClock
                0x20000000        0x4 ./Core/Src/system_stm32f4xx.o
                0x20000000                SystemCoreClock
 .data.uwTickPrio
                0x20000004        0x4 ./Drivers/STM32F4xx_HAL_Driver/Src/stm32f4xx_hal.o
                0x20000004                uwTickPrio
 .data.uwTickFreq
                0x20000008        0x1 ./Drivers/STM32F4xx_HAL_Driver/Src/stm32f4xx_hal.o
                0x20000008                uwTickFreq
 *fill*         0x20000009        0x3 
 .data.USBH_msc
                0x2000000c       0x20 ./Middlewares/ST/STM32_USB_Host_Library/Class/MSC/Src/usbh_msc.o
                0x2000000c                USBH_msc
 .data.uxCriticalNesting
                0x2000002c        0x4 ./Middlewares/Third_Party/FreeRTOS/Source/portable/GCC/ARM_CM4F/port.o
 .data._impure_ptr
                0x20000030        0x4 C:/ST/STM32CubeIDE_1.13.1/STM32CubeIDE/plugins/com.st.stm32cube.ide.mcu.externaltools.gnu-tools-for-stm32.12.3.rel1.win32_1.0.100.202403111256/tools/bin/../lib/gcc/arm-none-eabi/12.3.1/../../../../arm-none-eabi/lib/thumb/v7e-m+fp/hard\libc_nano.a(libc_a-impure.o)
                0x20000030                _impure_ptr
 .data._impure_data
                0x20000034       0x4c C:/ST/STM32CubeIDE_1.13.1/STM32CubeIDE/plugins/com.st.stm32cube.ide.mcu.externaltools.gnu-tools-for-stm32.12.3.rel1.win32_1.0.100.202403111256/tools/bin/../lib/gcc/arm-none-eabi/12.3.1/../../../../arm-none-eabi/lib/thumb/v7e-m+fp/hard\libc_nano.a(libc_a-impure.o)
                0x20000034                _impure_data
 *(.RamFunc)
 *(.RamFunc*)
                0x20000080                        . = ALIGN (0x4)
                0x20000080                        _edata = .
                0x0801473c                        _siccmram = LOADADDR (.ccmram)

.igot.plt       0x20000080        0x0 load address 0x0801473c
 .igot.plt      0x20000080        0x0 C:/ST/STM32CubeIDE_1.13.1/STM32CubeIDE/plugins/com.st.stm32cube.ide.mcu.externaltools.gnu-tools-for-stm32.12.3.rel1.win32_1.0.100.202403111256/tools/bin/../lib/gcc/arm-none-eabi/12.3.1/thumb/v7e-m+fp/hard/crtbegin.o

.ccmram         0x10000000        0x0 load address 0x0801473c
                0x10000000                        . = ALIGN (0x4)
                0x10000000                        _sccmram = .
 *(.ccmram)
 *(.ccmram*)
                0x10000000                        . = ALIGN (0x4)
                0x10000000                        _eccmram = .
                0x10000000                        . = ALIGN (0x4)

.bss            0x20000080     0x7510
                0x20000080                        _sbss = .
                0x20000080                        __bss_start__ = _sbss
 *(.bss)